tests/14_interval_loop_delay_unroll/0201_loop.c:5.4-13: [ x in [0;0] ]
tests/14_interval_loop_delay_unroll/0201_loop.c:5.4-13: [ x in [1;1] ]
tests/14_interval_loop_delay_unroll/0201_loop.c:5.4-13: [ x in [2;2] ]
tests/14_interval_loop_delay_unroll/0201_loop.c:5.4-13: [ x in [3;3] ]
tests/14_interval_loop_delay_unroll/0201_loop.c:5.4-13: [ x in [3;4] ]
tests/14_interval_loop_delay_unroll/0201_loop.c:5.4-13: [ x in [3;5] ]
tests/14_interval_loop_delay_unroll/0201_loop.c:5.4-13: [ x in [3;6] ]
tests/14_interval_loop_delay_unroll/0201_loop.c:5.4-13: [ x in [3;9] ]
analysis ended
