tests/14_interval_loop_delay_unroll/0202_loop_infinite.c:5.4-13: [ x in [0;0] ]
tests/14_interval_loop_delay_unroll/0202_loop_infinite.c:5.4-13: [ x in [0;0] ]
tests/14_interval_loop_delay_unroll/0202_loop_infinite.c:5.4-13: [ x in [0;0] ]
tests/14_interval_loop_delay_unroll/0202_loop_infinite.c:5.4-13: [ x in [0;0] ]
analysis ended
