tests/14_interval_loop_delay_unroll/0306_loop_rel.c:7.4-15: [ x in [0;0], N in [1;10] ]
tests/14_interval_loop_delay_unroll/0306_loop_rel.c:7.4-15: [ x in [1;1], N in [2;10] ]
tests/14_interval_loop_delay_unroll/0306_loop_rel.c:7.4-15: [ x in [2;2], N in [3;10] ]
tests/14_interval_loop_delay_unroll/0306_loop_rel.c:7.4-15: [ x in [3;3], N in [4;10] ]
tests/14_interval_loop_delay_unroll/0306_loop_rel.c:7.4-15: [ x in [3;4], N in [4;10] ]
tests/14_interval_loop_delay_unroll/0306_loop_rel.c:7.4-15: [ x in [3;5], N in [4;10] ]
tests/14_interval_loop_delay_unroll/0306_loop_rel.c:7.4-15: [ x in [3;6], N in [4;10] ]
tests/14_interval_loop_delay_unroll/0306_loop_rel.c:7.4-15: [ x in [3;9], N in [4;10] ]
tests/14_interval_loop_delay_unroll/0306_loop_rel.c:10.2-15: ERROR: assertion failure
analysis ended
