-- DEBUG: const 0 ~> {0}
-- DEBUG: const 0 ~> {0}
-- DEBUG: const 12 ~> {12}
-- DEBUG: is_bottom {12} ~> false
stat trace: tests/04_constant/0107_print.c:4.2-9: [ x in {12}, y in {0} ]
-- DEBUG: const 15 ~> {15}
-- DEBUG: is_bottom {15} ~> false
stat trace: tests/04_constant/0107_print.c:5.2-9: [ x in {12}, y in {15} ]
tests/04_constant/0107_print.c:6.2-13: [ x in {12}, y in {15} ]
stat trace: tests/04_constant/0107_print.c:6.2-13: [ x in {12}, y in {15} ]
-- DEBUG: const 0 ~> {0}
-- DEBUG: is_bottom {0} ~> false
stat trace: tests/04_constant/0107_print.c:7.2-8: [ x in {0}, y in {15} ]
-- DEBUG: const 9 ~> {9}
-- DEBUG: is_bottom {9} ~> false
stat trace: tests/04_constant/0107_print.c:8.2-8: [ x in {0}, y in {9} ]
tests/04_constant/0107_print.c:9.2-13: [ x in {0}, y in {9} ]
stat trace: tests/04_constant/0107_print.c:9.2-13: [ x in {0}, y in {9} ]
stat trace: tests/04_constant/0107_print.c:1.0-10.1: [ ]
analysis ended
