-- DEBUG: const 0 ~> {0}
-- DEBUG: rand 1 -1 ~> ⊥
-- DEBUG: is_bottom ⊥ ~> true
stat trace: tests/04_constant/0112_rand_empty.c:3.2-17: ⊥
tests/04_constant/0112_rand_empty.c:4.2-11: ⊥
stat trace: tests/04_constant/0112_rand_empty.c:4.2-11: ⊥
stat trace: tests/04_constant/0112_rand_empty.c:1.0-5.1: ⊥
analysis ended
