-- DEBUG: const 0 ~> {0}
-- DEBUG: const 1 ~> {1}
-- DEBUG: is_bottom {1} ~> false
stat trace: tests/04_constant/0137_if_both.c:3.2-8: [ x in {1} ]
-- DEBUG: rand 0 1 ~> ⊤
-- DEBUG: const 0 ~> {0}
-- DEBUG: ⊤ == {0} ~> {0}, {0}
-- DEBUG: ⊤ ⊓ {0} ~> {0}
-- DEBUG: is_bottom {0} ~> false
-- DEBUG: {0} ⊓ {0} ~> {0}
-- DEBUG: is_bottom {0} ~> false
-- DEBUG: const 9 ~> {9}
-- DEBUG: is_bottom {9} ~> false
stat trace: tests/04_constant/0137_if_both.c:4.20-26: [ x in {9} ]
-- DEBUG: rand 0 1 ~> ⊤
-- DEBUG: const 0 ~> {0}
-- DEBUG: ⊤ != {0} ~> ⊤, {0}
-- DEBUG: ⊤ ⊓ ⊤ ~> ⊤
-- DEBUG: is_bottom ⊤ ~> false
-- DEBUG: {0} ⊓ {0} ~> {0}
-- DEBUG: is_bottom {0} ~> false
-- DEBUG: {9} ⊔ {1} ~> ⊤
stat trace: tests/04_constant/0137_if_both.c:4.2-26: [ x in ⊤ ]
tests/04_constant/0137_if_both.c:5.2-11: [ x in ⊤ ]
stat trace: tests/04_constant/0137_if_both.c:5.2-11: [ x in ⊤ ]
stat trace: tests/04_constant/0137_if_both.c:1.0-6.1: [ ]
analysis ended
