-- DEBUG: const 0 ~> {0}
-- DEBUG: const 0 ~> {0}
-- DEBUG: rand 15 18 ~> ⊤
-- DEBUG: is_bottom ⊤ ~> false
stat trace: tests/04_constant/0147_cmp_eq.c:4.2-18: [ x in ⊤, y in {0} ]
-- DEBUG: rand 13 17 ~> ⊤
-- DEBUG: is_bottom ⊤ ~> false
stat trace: tests/04_constant/0147_cmp_eq.c:5.2-18: [ x in ⊤, y in ⊤ ]
-- DEBUG: ⊤ == ⊤ ~> ⊤, ⊤
-- DEBUG: ⊤ ⊓ ⊤ ~> ⊤
-- DEBUG: is_bottom ⊤ ~> false
-- DEBUG: ⊤ ⊓ ⊤ ~> ⊤
-- DEBUG: is_bottom ⊤ ~> false
tests/04_constant/0147_cmp_eq.c:6.14-25: [ x in ⊤, y in ⊤ ]
stat trace: tests/04_constant/0147_cmp_eq.c:6.14-25: [ x in ⊤, y in ⊤ ]
-- DEBUG: ⊤ != ⊤ ~> ⊤, ⊤
-- DEBUG: ⊤ ⊓ ⊤ ~> ⊤
-- DEBUG: is_bottom ⊤ ~> false
-- DEBUG: ⊤ ⊓ ⊤ ~> ⊤
-- DEBUG: is_bottom ⊤ ~> false
stat trace: tests/04_constant/0147_cmp_eq.c:6.2-25: [ x in ⊤, y in ⊤ ]
stat trace: tests/04_constant/0147_cmp_eq.c:1.0-7.1: [ ]
analysis ended
