-- DEBUG: const 0 ~> {0}
-- DEBUG: rand -3 5 ~> ⊤
-- DEBUG: is_bottom ⊤ ~> false
stat trace: tests/04_constant/0303_assert_both.c:3.2-18: [ x in ⊤ ]
-- DEBUG: const 0 ~> {0}
-- DEBUG: ⊤ <= {0} ~> ⊤, {0}
-- DEBUG: ⊤ ⊓ ⊤ ~> ⊤
-- DEBUG: is_bottom ⊤ ~> false
-- DEBUG: {0} ⊓ {0} ~> {0}
-- DEBUG: is_bottom {0} ~> false
tests/04_constant/0303_assert_both.c:4.2-16: ERROR: assertion failure
-- DEBUG: const 0 ~> {0}
-- DEBUG: ⊤ > {0} ~> ⊤, {0}
-- DEBUG: ⊤ ⊓ ⊤ ~> ⊤
-- DEBUG: is_bottom ⊤ ~> false
-- DEBUG: {0} ⊓ {0} ~> {0}
-- DEBUG: is_bottom {0} ~> false
stat trace: tests/04_constant/0303_assert_both.c:4.2-16: [ x in ⊤ ]
-- DEBUG: const 0 ~> {0}
-- DEBUG: ⊤ < {0} ~> ⊤, {0}
-- DEBUG: ⊤ ⊓ ⊤ ~> ⊤
-- DEBUG: is_bottom ⊤ ~> false
-- DEBUG: {0} ⊓ {0} ~> {0}
-- DEBUG: is_bottom {0} ~> false
tests/04_constant/0303_assert_both.c:5.2-17: ERROR: assertion failure
-- DEBUG: const 0 ~> {0}
-- DEBUG: ⊤ >= {0} ~> ⊤, {0}
-- DEBUG: ⊤ ⊓ ⊤ ~> ⊤
-- DEBUG: is_bottom ⊤ ~> false
-- DEBUG: {0} ⊓ {0} ~> {0}
-- DEBUG: is_bottom {0} ~> false
stat trace: tests/04_constant/0303_assert_both.c:5.2-17: [ x in ⊤ ]
tests/04_constant/0303_assert_both.c:6.2-11: [ x in ⊤ ]
stat trace: tests/04_constant/0303_assert_both.c:6.2-11: [ x in ⊤ ]
stat trace: tests/04_constant/0303_assert_both.c:1.0-7.1: [ ]
analysis ended
