-- DEBUG: const 0 ~> {0}
-- DEBUG: const 2 ~> {2}
-- DEBUG: is_bottom {2} ~> false
stat trace: tests/04_constant/0305_assert_true.c:3.2-8: [ x in {2} ]
-- DEBUG: const 1 ~> {1}
-- DEBUG: {2} < {1} ~> ⊥, ⊥
-- DEBUG: {2} ⊓ ⊥ ~> ⊥
-- DEBUG: is_bottom ⊥ ~> true
-- DEBUG: const 1 ~> {1}
-- DEBUG: {2} >= {1} ~> {2}, {1}
-- DEBUG: {2} ⊓ {2} ~> {2}
-- DEBUG: is_bottom {2} ~> false
-- DEBUG: {1} ⊓ {1} ~> {1}
-- DEBUG: is_bottom {1} ~> false
stat trace: tests/04_constant/0305_assert_true.c:4.2-15: [ x in {2} ]
tests/04_constant/0305_assert_true.c:5.2-11: [ x in {2} ]
stat trace: tests/04_constant/0305_assert_true.c:5.2-11: [ x in {2} ]
stat trace: tests/04_constant/0305_assert_true.c:1.0-6.1: [ ]
analysis ended
