-- DEBUG: const 0 ~> even ∧ [0;0]
stat trace: tests/20_reduced/0103_decl.c:1.0-3.1: [ ]
-- DEBUG: const 0 ~> even ∧ [0;0]
tests/20_reduced/0103_decl.c:6.2-12: [ y in even ∧ [0;0] ]
stat trace: tests/20_reduced/0103_decl.c:6.2-12: [ y in even ∧ [0;0] ]
stat trace: tests/20_reduced/0103_decl.c:4.0-7.1: [ ]
analysis ended
