-- DEBUG: const 0 ~> even ∧ [0;0]
-- DEBUG: const 0 ~> even ∧ [0;0]
-- DEBUG: const 1 ~> odd ∧ [1;1]
-- DEBUG: is_bottom odd ∧ [1;1] ~> false
stat trace: tests/20_reduced/0105_init.c:4.2-8: [ x in even ∧ [0;0], y in odd ∧ [1;1] ]
-- DEBUG: const 2 ~> even ∧ [2;2]
-- DEBUG: is_bottom even ∧ [2;2] ~> false
stat trace: tests/20_reduced/0105_init.c:5.2-8: [ x in even ∧ [2;2], y in odd ∧ [1;1] ]
tests/20_reduced/0105_init.c:6.2-12: [ x in even ∧ [2;2], y in odd ∧ [1;1] ]
stat trace: tests/20_reduced/0105_init.c:6.2-12: [ x in even ∧ [2;2], y in odd ∧ [1;1] ]
stat trace: tests/20_reduced/0105_init.c:1.0-7.1: [ ]
analysis ended
