-- DEBUG: const 0 ~> even ∧ [0;0]
-- DEBUG: const 0 ~> even ∧ [0;0]
-- DEBUG: const 12 ~> even ∧ [12;12]
-- DEBUG: is_bottom even ∧ [12;12] ~> false
stat trace: tests/20_reduced/0107_print.c:4.2-9: [ x in even ∧ [12;12], y in even ∧ [0;0] ]
-- DEBUG: const 15 ~> odd ∧ [15;15]
-- DEBUG: is_bottom odd ∧ [15;15] ~> false
stat trace: tests/20_reduced/0107_print.c:5.2-9: [ x in even ∧ [12;12], y in odd ∧ [15;15] ]
tests/20_reduced/0107_print.c:6.2-13: [ x in even ∧ [12;12], y in odd ∧ [15;15] ]
stat trace: tests/20_reduced/0107_print.c:6.2-13: [ x in even ∧ [12;12], y in odd ∧ [15;15] ]
-- DEBUG: const 0 ~> even ∧ [0;0]
-- DEBUG: is_bottom even ∧ [0;0] ~> false
stat trace: tests/20_reduced/0107_print.c:7.2-8: [ x in even ∧ [0;0], y in odd ∧ [15;15] ]
-- DEBUG: const 9 ~> odd ∧ [9;9]
-- DEBUG: is_bottom odd ∧ [9;9] ~> false
stat trace: tests/20_reduced/0107_print.c:8.2-8: [ x in even ∧ [0;0], y in odd ∧ [9;9] ]
tests/20_reduced/0107_print.c:9.2-13: [ x in even ∧ [0;0], y in odd ∧ [9;9] ]
stat trace: tests/20_reduced/0107_print.c:9.2-13: [ x in even ∧ [0;0], y in odd ∧ [9;9] ]
stat trace: tests/20_reduced/0107_print.c:1.0-10.1: [ ]
analysis ended
