-- DEBUG: const 0 ~> even ∧ [0;0]
-- DEBUG: const 0 ~> even ∧ [0;0]
-- DEBUG: const 4 ~> even ∧ [4;4]
-- DEBUG: is_bottom even ∧ [4;4] ~> false
stat trace: tests/20_reduced/0110_assign.c:4.2-8: [ x in even ∧ [4;4], y in even ∧ [0;0] ]
-- DEBUG: const 5 ~> odd ∧ [5;5]
-- DEBUG: is_bottom odd ∧ [5;5] ~> false
stat trace: tests/20_reduced/0110_assign.c:5.2-8: [ x in even ∧ [4;4], y in odd ∧ [5;5] ]
-- DEBUG: even ∧ [4;4] + odd ∧ [5;5] ~> odd ∧ [9;9]
-- DEBUG: const 2 ~> even ∧ [2;2]
-- DEBUG: odd ∧ [9;9] + even ∧ [2;2] ~> odd ∧ [11;11]
-- DEBUG: is_bottom odd ∧ [11;11] ~> false
stat trace: tests/20_reduced/0110_assign.c:6.2-16: [ x in odd ∧ [11;11], y in odd ∧ [5;5] ]
tests/20_reduced/0110_assign.c:7.2-11: [ x in odd ∧ [11;11] ]
stat trace: tests/20_reduced/0110_assign.c:7.2-11: [ x in odd ∧ [11;11], y in odd ∧ [5;5] ]
stat trace: tests/20_reduced/0110_assign.c:1.0-8.1: [ ]
analysis ended
