-- DEBUG: const 0 ~> even ∧ [0;0]
-- DEBUG: rand 1 5 ~> ⊤ ∧ [1;5]
-- DEBUG: is_bottom ⊤ ∧ [1;5] ~> false
stat trace: tests/20_reduced/0111_rand.c:3.2-16: [ x in ⊤ ∧ [1;5] ]
tests/20_reduced/0111_rand.c:4.2-11: [ x in ⊤ ∧ [1;5] ]
stat trace: tests/20_reduced/0111_rand.c:4.2-11: [ x in ⊤ ∧ [1;5] ]
stat trace: tests/20_reduced/0111_rand.c:1.0-5.1: [ ]
analysis ended
