-- DEBUG: const 0 ~> even ∧ [0;0]
-- DEBUG: const 12 ~> even ∧ [12;12]
-- DEBUG: const 0 ~> even ∧ [0;0]
-- DEBUG: even ∧ [12;12] / even ∧ [0;0] ~> ⊥ ∧ ⊥
-- DEBUG: is_bottom ⊥ ∧ ⊥ ~> true
stat trace: tests/20_reduced/0130_div.c:3.2-13: ⊥
tests/20_reduced/0130_div.c:4.2-11: ⊥
stat trace: tests/20_reduced/0130_div.c:4.2-11: ⊥
stat trace: tests/20_reduced/0130_div.c:1.0-5.1: ⊥
analysis ended
