tests/12_interval_loop/0309_bubble.c:25.6-31: ERROR: assertion failure
tests/12_interval_loop/0309_bubble.c:26.6-39: ERROR: assertion failure
tests/12_interval_loop/0309_bubble.c:25.6-31: ERROR: assertion failure
tests/12_interval_loop/0309_bubble.c:26.6-39: ERROR: assertion failure
tests/12_interval_loop/0309_bubble.c:25.6-31: ERROR: assertion failure
tests/12_interval_loop/0309_bubble.c:26.6-39: ERROR: assertion failure
tests/12_interval_loop/0309_bubble.c:25.6-31: ERROR: assertion failure
tests/12_interval_loop/0309_bubble.c:26.6-39: ERROR: assertion failure
tests/12_interval_loop/0309_bubble.c:38.2-12: [ B in [0;0], J in [0;10], N in [0;10], T in [0;+∞] ]
analysis ended
