-- DEBUG: const 0 ~> [0;0]
-- DEBUG: const 0 ~> [0;0]
-- DEBUG: const 0 ~> [0;0]
-- DEBUG: const 0 ~> [0;0]
-- DEBUG: rand 0 10 ~> [0;10]
-- DEBUG: is_bottom [0;10] ~> false
stat trace: tests/12_interval_loop/0309_bubble.c:16.2-17: [ B in [0;0], J in [0;0], N in [0;10], T in [0;0] ]
-- DEBUG: is_bottom [0;10] ~> false
stat trace: tests/12_interval_loop/0309_bubble.c:18.2-8: [ B in [0;10], J in [0;0], N in [0;10], T in [0;0] ]
-- DEBUG: const 1 ~> [1;1]
-- DEBUG: [0;10] >= [1;1] ~> [1;10], [1;1]
-- DEBUG: [0;10] ⊓ [1;10] ~> [1;10]
-- DEBUG: is_bottom [1;10] ~> false
-- DEBUG: [1;1] ⊓ [1;1] ~> [1;1]
-- DEBUG: is_bottom [1;1] ~> false
-- DEBUG: const 1 ~> [1;1]
-- DEBUG: is_bottom [1;1] ~> false
stat trace: tests/12_interval_loop/0309_bubble.c:20.4-10: [ B in [1;10], J in [1;1], N in [0;10], T in [0;0] ]
-- DEBUG: const 0 ~> [0;0]
-- DEBUG: is_bottom [0;0] ~> false
stat trace: tests/12_interval_loop/0309_bubble.c:21.4-10: [ B in [1;10], J in [1;1], N in [0;10], T in [0;0] ]
-- DEBUG: const 1 ~> [1;1]
-- DEBUG: [1;10] - [1;1] ~> [0;9]
-- DEBUG: [1;1] <= [0;9] ~> [1;1], [1;9]
-- DEBUG: [1;1] ⊓ [1;1] ~> [1;1]
-- DEBUG: is_bottom [1;1] ~> false
-- DEBUG: [1;10] - [1;1] (bwd from [1;9]) ~> [2;10], [1;1]
-- DEBUG: [1;10] ⊓ [2;10] ~> [2;10]
-- DEBUG: is_bottom [2;10] ~> false
-- DEBUG: [1;1] ⊓ [1;1] ~> [1;1]
-- DEBUG: is_bottom [1;1] ~> false
-- DEBUG: [1;1] > [0;10] ~> [1;1], [0;0]
-- DEBUG: [1;1] ⊓ [1;1] ~> [1;1]
-- DEBUG: is_bottom [1;1] ~> false
-- DEBUG: [0;10] ⊓ [0;0] ~> [0;0]
-- DEBUG: is_bottom [0;0] ~> false
-- DEBUG: const 1 ~> [1;1]
-- DEBUG: [1;1] > [1;1] ~> ⊥, ⊥
-- DEBUG: [1;1] ⊓ ⊥ ~> ⊥
-- DEBUG: is_bottom ⊥ ~> true
tests/12_interval_loop/0309_bubble.c:25.6-31: ERROR: assertion failure
-- DEBUG: [1;1] <= [0;10] ~> [1;1], [1;10]
-- DEBUG: [1;1] ⊓ [1;1] ~> [1;1]
-- DEBUG: is_bottom [1;1] ~> false
-- DEBUG: [0;10] ⊓ [1;10] ~> [1;10]
-- DEBUG: is_bottom [1;10] ~> false
-- DEBUG: const 1 ~> [1;1]
-- DEBUG: [1;1] <= [1;1] ~> [1;1], [1;1]
-- DEBUG: [1;1] ⊓ [1;1] ~> [1;1]
-- DEBUG: is_bottom [1;1] ~> false
-- DEBUG: [1;1] ⊓ [1;1] ~> [1;1]
-- DEBUG: is_bottom [1;1] ~> false
-- DEBUG: [1;1] ⊓ [1;1] ~> [1;1]
-- DEBUG: is_bottom [1;1] ~> false
-- DEBUG: [0;10] ⊓ [1;10] ~> [1;10]
-- DEBUG: is_bottom [1;10] ~> false
stat trace: tests/12_interval_loop/0309_bubble.c:25.6-31: [ B in [2;10], J in [1;1], N in [1;10], T in [0;0] ]
-- DEBUG: const 1 ~> [1;1]
-- DEBUG: [1;1] + [1;1] ~> [2;2]
-- DEBUG: [2;2] > [1;10] ~> [2;2], [1;1]
-- DEBUG: [1;1] + [1;1] (bwd from [2;2]) ~> [1;1], [1;1]
-- DEBUG: [1;1] ⊓ [1;1] ~> [1;1]
-- DEBUG: is_bottom [1;1] ~> false
-- DEBUG: [1;1] ⊓ [1;1] ~> [1;1]
-- DEBUG: is_bottom [1;1] ~> false
-- DEBUG: [1;10] ⊓ [1;1] ~> [1;1]
-- DEBUG: is_bottom [1;1] ~> false
-- DEBUG: const 1 ~> [1;1]
-- DEBUG: const 1 ~> [1;1]
-- DEBUG: [1;1] + [1;1] ~> [2;2]
-- DEBUG: [1;1] > [2;2] ~> ⊥, ⊥
-- DEBUG: [1;1] ⊓ ⊥ ~> ⊥
-- DEBUG: is_bottom ⊥ ~> true
tests/12_interval_loop/0309_bubble.c:26.6-39: ERROR: assertion failure
-- DEBUG: const 1 ~> [1;1]
-- DEBUG: [1;1] + [1;1] ~> [2;2]
-- DEBUG: [2;2] <= [1;10] ~> [2;2], [2;10]
-- DEBUG: [1;1] + [1;1] (bwd from [2;2]) ~> [1;1], [1;1]
-- DEBUG: [1;1] ⊓ [1;1] ~> [1;1]
-- DEBUG: is_bottom [1;1] ~> false
-- DEBUG: [1;1] ⊓ [1;1] ~> [1;1]
-- DEBUG: is_bottom [1;1] ~> false
-- DEBUG: [1;10] ⊓ [2;10] ~> [2;10]
-- DEBUG: is_bottom [2;10] ~> false
-- DEBUG: const 1 ~> [1;1]
-- DEBUG: const 1 ~> [1;1]
-- DEBUG: [1;1] + [1;1] ~> [2;2]
-- DEBUG: [1;1] <= [2;2] ~> [1;1], [2;2]
-- DEBUG: [1;1] ⊓ [1;1] ~> [1;1]
-- DEBUG: is_bottom [1;1] ~> false
-- DEBUG: [1;1] + [1;1] (bwd from [2;2]) ~> [1;1], [1;1]
-- DEBUG: [1;1] ⊓ [1;1] ~> [1;1]
-- DEBUG: is_bottom [1;1] ~> false
-- DEBUG: [1;1] ⊓ [1;1] ~> [1;1]
-- DEBUG: is_bottom [1;1] ~> false
-- DEBUG: [1;1] ⊓ [1;1] ~> [1;1]
-- DEBUG: is_bottom [1;1] ~> false
-- DEBUG: [1;10] ⊓ [2;10] ~> [2;10]
-- DEBUG: is_bottom [2;10] ~> false
stat trace: tests/12_interval_loop/0309_bubble.c:26.6-39: [ B in [2;10], J in [1;1], N in [2;10], T in [0;0] ]
-- DEBUG: rand 0 1 ~> [0;1]
-- DEBUG: const 0 ~> [0;0]
-- DEBUG: [0;1] == [0;0] ~> [0;0], [0;0]
-- DEBUG: [0;1] ⊓ [0;0] ~> [0;0]
-- DEBUG: is_bottom [0;0] ~> false
-- DEBUG: [0;0] ⊓ [0;0] ~> [0;0]
-- DEBUG: is_bottom [0;0] ~> false
-- DEBUG: is_bottom [1;1] ~> false
stat trace: tests/12_interval_loop/0309_bubble.c:31.8-14: [ B in [2;10], J in [1;1], N in [2;10], T in [1;1] ]
stat trace: tests/12_interval_loop/0309_bubble.c:29.24-32.7: [ B in [2;10], J in [1;1], N in [2;10], T in [1;1] ]
-- DEBUG: rand 0 1 ~> [0;1]
-- DEBUG: const 0 ~> [0;0]
-- DEBUG: [0;1] != [0;0] ~> [1;1], [0;0]
-- DEBUG: [0;1] ⊓ [1;1] ~> [1;1]
-- DEBUG: is_bottom [1;1] ~> false
-- DEBUG: [0;0] ⊓ [0;0] ~> [0;0]
-- DEBUG: is_bottom [0;0] ~> false
-- DEBUG: [1;1] ⊔ [0;0] ~> [0;1]
stat trace: tests/12_interval_loop/0309_bubble.c:29.6-32.7: [ B in [2;10], J in [1;1], N in [2;10], T in [0;1] ]
-- DEBUG: const 1 ~> [1;1]
-- DEBUG: [1;1] + [1;1] ~> [2;2]
-- DEBUG: is_bottom [2;2] ~> false
stat trace: tests/12_interval_loop/0309_bubble.c:34.6-16: [ B in [2;10], J in [2;2], N in [2;10], T in [0;1] ]
stat trace: tests/12_interval_loop/0309_bubble.c:22.21-35.5: [ B in [2;10], J in [2;2], N in [2;10], T in [0;1] ]
-- DEBUG: [1;1] ⊔ [2;2] ~> [1;2]
-- DEBUG: [0;0] ⊔ [0;1] ~> [0;1]
-- DEBUG: [0;10] ⊔ [2;10] ~> [0;10]
-- DEBUG: [1;10] ⊔ [2;10] ~> [1;10]
-- DEBUG: [1;10] ⊏ [1;10] ~> true
-- DEBUG: [1;2] ⊏ [1;1] ~> false
-- DEBUG: [1;1] ▿ [1;2] ~> [1;+∞]
-- DEBUG: [0;0] ▿ [0;1] ~> [0;+∞]
-- DEBUG: [0;10] ▿ [0;10] ~> [0;10]
-- DEBUG: [1;10] ▿ [1;10] ~> [1;10]
-- DEBUG: const 1 ~> [1;1]
-- DEBUG: [1;10] - [1;1] ~> [0;9]
-- DEBUG: [1;+∞] <= [0;9] ~> [1;9], [1;9]
-- DEBUG: [1;+∞] ⊓ [1;9] ~> [1;9]
-- DEBUG: is_bottom [1;9] ~> false
-- DEBUG: [1;10] - [1;1] (bwd from [1;9]) ~> [2;10], [1;1]
-- DEBUG: [1;10] ⊓ [2;10] ~> [2;10]
-- DEBUG: is_bottom [2;10] ~> false
-- DEBUG: [1;1] ⊓ [1;1] ~> [1;1]
-- DEBUG: is_bottom [1;1] ~> false
-- DEBUG: [1;9] > [0;10] ~> [1;9], [0;8]
-- DEBUG: [1;9] ⊓ [1;9] ~> [1;9]
-- DEBUG: is_bottom [1;9] ~> false
-- DEBUG: [0;10] ⊓ [0;8] ~> [0;8]
-- DEBUG: is_bottom [0;8] ~> false
-- DEBUG: const 1 ~> [1;1]
-- DEBUG: [1;1] > [1;9] ~> ⊥, ⊥
-- DEBUG: [1;1] ⊓ ⊥ ~> ⊥
-- DEBUG: is_bottom ⊥ ~> true
tests/12_interval_loop/0309_bubble.c:25.6-31: ERROR: assertion failure
-- DEBUG: [1;9] <= [0;10] ~> [1;9], [1;10]
-- DEBUG: [1;9] ⊓ [1;9] ~> [1;9]
-- DEBUG: is_bottom [1;9] ~> false
-- DEBUG: [0;10] ⊓ [1;10] ~> [1;10]
-- DEBUG: is_bottom [1;10] ~> false
-- DEBUG: const 1 ~> [1;1]
-- DEBUG: [1;1] <= [1;9] ~> [1;1], [1;9]
-- DEBUG: [1;1] ⊓ [1;1] ~> [1;1]
-- DEBUG: is_bottom [1;1] ~> false
-- DEBUG: [1;9] ⊓ [1;9] ~> [1;9]
-- DEBUG: is_bottom [1;9] ~> false
-- DEBUG: [1;9] ⊓ [1;9] ~> [1;9]
-- DEBUG: is_bottom [1;9] ~> false
-- DEBUG: [0;10] ⊓ [1;10] ~> [1;10]
-- DEBUG: is_bottom [1;10] ~> false
stat trace: tests/12_interval_loop/0309_bubble.c:25.6-31: [ B in [2;10], J in [1;9], N in [1;10], T in [0;+∞] ]
-- DEBUG: const 1 ~> [1;1]
-- DEBUG: [1;9] + [1;1] ~> [2;10]
-- DEBUG: [2;10] > [1;10] ~> [2;10], [1;9]
-- DEBUG: [1;9] + [1;1] (bwd from [2;10]) ~> [1;9], [1;1]
-- DEBUG: [1;9] ⊓ [1;9] ~> [1;9]
-- DEBUG: is_bottom [1;9] ~> false
-- DEBUG: [1;1] ⊓ [1;1] ~> [1;1]
-- DEBUG: is_bottom [1;1] ~> false
-- DEBUG: [1;10] ⊓ [1;9] ~> [1;9]
-- DEBUG: is_bottom [1;9] ~> false
-- DEBUG: const 1 ~> [1;1]
-- DEBUG: const 1 ~> [1;1]
-- DEBUG: [1;9] + [1;1] ~> [2;10]
-- DEBUG: [1;1] > [2;10] ~> ⊥, ⊥
-- DEBUG: [1;1] ⊓ ⊥ ~> ⊥
-- DEBUG: is_bottom ⊥ ~> true
tests/12_interval_loop/0309_bubble.c:26.6-39: ERROR: assertion failure
-- DEBUG: const 1 ~> [1;1]
-- DEBUG: [1;9] + [1;1] ~> [2;10]
-- DEBUG: [2;10] <= [1;10] ~> [2;10], [2;10]
-- DEBUG: [1;9] + [1;1] (bwd from [2;10]) ~> [1;9], [1;1]
-- DEBUG: [1;9] ⊓ [1;9] ~> [1;9]
-- DEBUG: is_bottom [1;9] ~> false
-- DEBUG: [1;1] ⊓ [1;1] ~> [1;1]
-- DEBUG: is_bottom [1;1] ~> false
-- DEBUG: [1;10] ⊓ [2;10] ~> [2;10]
-- DEBUG: is_bottom [2;10] ~> false
-- DEBUG: const 1 ~> [1;1]
-- DEBUG: const 1 ~> [1;1]
-- DEBUG: [1;9] + [1;1] ~> [2;10]
-- DEBUG: [1;1] <= [2;10] ~> [1;1], [2;10]
-- DEBUG: [1;1] ⊓ [1;1] ~> [1;1]
-- DEBUG: is_bottom [1;1] ~> false
-- DEBUG: [1;9] + [1;1] (bwd from [2;10]) ~> [1;9], [1;1]
-- DEBUG: [1;9] ⊓ [1;9] ~> [1;9]
-- DEBUG: is_bottom [1;9] ~> false
-- DEBUG: [1;1] ⊓ [1;1] ~> [1;1]
-- DEBUG: is_bottom [1;1] ~> false
-- DEBUG: [1;9] ⊓ [1;9] ~> [1;9]
-- DEBUG: is_bottom [1;9] ~> false
-- DEBUG: [1;10] ⊓ [2;10] ~> [2;10]
-- DEBUG: is_bottom [2;10] ~> false
stat trace: tests/12_interval_loop/0309_bubble.c:26.6-39: [ B in [2;10], J in [1;9], N in [2;10], T in [0;+∞] ]
-- DEBUG: rand 0 1 ~> [0;1]
-- DEBUG: const 0 ~> [0;0]
-- DEBUG: [0;1] == [0;0] ~> [0;0], [0;0]
-- DEBUG: [0;1] ⊓ [0;0] ~> [0;0]
-- DEBUG: is_bottom [0;0] ~> false
-- DEBUG: [0;0] ⊓ [0;0] ~> [0;0]
-- DEBUG: is_bottom [0;0] ~> false
-- DEBUG: is_bottom [1;9] ~> false
stat trace: tests/12_interval_loop/0309_bubble.c:31.8-14: [ B in [2;10], J in [1;9], N in [2;10], T in [1;9] ]
stat trace: tests/12_interval_loop/0309_bubble.c:29.24-32.7: [ B in [2;10], J in [1;9], N in [2;10], T in [1;9] ]
-- DEBUG: rand 0 1 ~> [0;1]
-- DEBUG: const 0 ~> [0;0]
-- DEBUG: [0;1] != [0;0] ~> [1;1], [0;0]
-- DEBUG: [0;1] ⊓ [1;1] ~> [1;1]
-- DEBUG: is_bottom [1;1] ~> false
-- DEBUG: [0;0] ⊓ [0;0] ~> [0;0]
-- DEBUG: is_bottom [0;0] ~> false
-- DEBUG: [1;9] ⊔ [0;+∞] ~> [0;+∞]
stat trace: tests/12_interval_loop/0309_bubble.c:29.6-32.7: [ B in [2;10], J in [1;9], N in [2;10], T in [0;+∞] ]
-- DEBUG: const 1 ~> [1;1]
-- DEBUG: [1;9] + [1;1] ~> [2;10]
-- DEBUG: is_bottom [2;10] ~> false
stat trace: tests/12_interval_loop/0309_bubble.c:34.6-16: [ B in [2;10], J in [2;10], N in [2;10], T in [0;+∞] ]
stat trace: tests/12_interval_loop/0309_bubble.c:22.21-35.5: [ B in [2;10], J in [2;10], N in [2;10], T in [0;+∞] ]
-- DEBUG: [1;1] ⊔ [2;10] ~> [1;10]
-- DEBUG: [0;0] ⊔ [0;+∞] ~> [0;+∞]
-- DEBUG: [0;10] ⊔ [2;10] ~> [0;10]
-- DEBUG: [1;10] ⊔ [2;10] ~> [1;10]
-- DEBUG: [1;10] ⊏ [1;10] ~> true
-- DEBUG: [1;10] ⊏ [1;+∞] ~> true
-- DEBUG: [0;10] ⊏ [0;10] ~> true
-- DEBUG: [0;+∞] ⊏ [0;+∞] ~> true
-- DEBUG: const 1 ~> [1;1]
-- DEBUG: [1;10] - [1;1] ~> [0;9]
-- DEBUG: [1;10] > [0;9] ~> [1;10], [0;9]
-- DEBUG: [1;10] ⊓ [1;10] ~> [1;10]
-- DEBUG: is_bottom [1;10] ~> false
-- DEBUG: [1;10] - [1;1] (bwd from [0;9]) ~> [1;10], [1;1]
-- DEBUG: [1;10] ⊓ [1;10] ~> [1;10]
-- DEBUG: is_bottom [1;10] ~> false
-- DEBUG: [1;1] ⊓ [1;1] ~> [1;1]
-- DEBUG: is_bottom [1;1] ~> false
stat trace: tests/12_interval_loop/0309_bubble.c:22.4-35.5: [ B in [1;10], J in [1;10], N in [0;10], T in [0;+∞] ]
-- DEBUG: is_bottom [0;+∞] ~> false
stat trace: tests/12_interval_loop/0309_bubble.c:36.4-10: [ B in [0;+∞], J in [1;10], N in [0;10], T in [0;+∞] ]
stat trace: tests/12_interval_loop/0309_bubble.c:19.17-37.3: [ B in [0;+∞], J in [1;10], N in [0;10], T in [0;+∞] ]
-- DEBUG: [0;0] ⊔ [1;10] ~> [0;10]
-- DEBUG: [0;0] ⊔ [0;+∞] ~> [0;+∞]
-- DEBUG: [0;10] ⊔ [0;10] ~> [0;10]
-- DEBUG: [0;10] ⊔ [0;+∞] ~> [0;+∞]
-- DEBUG: [0;+∞] ⊏ [0;10] ~> false
-- DEBUG: [0;0] ▿ [0;10] ~> [0;+∞]
-- DEBUG: [0;0] ▿ [0;+∞] ~> [0;+∞]
-- DEBUG: [0;10] ▿ [0;10] ~> [0;10]
-- DEBUG: [0;10] ▿ [0;+∞] ~> [0;+∞]
-- DEBUG: const 1 ~> [1;1]
-- DEBUG: [0;+∞] >= [1;1] ~> [1;+∞], [1;1]
-- DEBUG: [0;+∞] ⊓ [1;+∞] ~> [1;+∞]
-- DEBUG: is_bottom [1;+∞] ~> false
-- DEBUG: [1;1] ⊓ [1;1] ~> [1;1]
-- DEBUG: is_bottom [1;1] ~> false
-- DEBUG: const 1 ~> [1;1]
-- DEBUG: is_bottom [1;1] ~> false
stat trace: tests/12_interval_loop/0309_bubble.c:20.4-10: [ B in [1;+∞], J in [1;1], N in [0;10], T in [0;+∞] ]
-- DEBUG: const 0 ~> [0;0]
-- DEBUG: is_bottom [0;0] ~> false
stat trace: tests/12_interval_loop/0309_bubble.c:21.4-10: [ B in [1;+∞], J in [1;1], N in [0;10], T in [0;0] ]
-- DEBUG: const 1 ~> [1;1]
-- DEBUG: [1;+∞] - [1;1] ~> [0;+∞]
-- DEBUG: [1;1] <= [0;+∞] ~> [1;1], [1;+∞]
-- DEBUG: [1;1] ⊓ [1;1] ~> [1;1]
-- DEBUG: is_bottom [1;1] ~> false
-- DEBUG: [1;+∞] - [1;1] (bwd from [1;+∞]) ~> [2;+∞], [1;1]
-- DEBUG: [1;+∞] ⊓ [2;+∞] ~> [2;+∞]
-- DEBUG: is_bottom [2;+∞] ~> false
-- DEBUG: [1;1] ⊓ [1;1] ~> [1;1]
-- DEBUG: is_bottom [1;1] ~> false
-- DEBUG: [1;1] > [0;10] ~> [1;1], [0;0]
-- DEBUG: [1;1] ⊓ [1;1] ~> [1;1]
-- DEBUG: is_bottom [1;1] ~> false
-- DEBUG: [0;10] ⊓ [0;0] ~> [0;0]
-- DEBUG: is_bottom [0;0] ~> false
-- DEBUG: const 1 ~> [1;1]
-- DEBUG: [1;1] > [1;1] ~> ⊥, ⊥
-- DEBUG: [1;1] ⊓ ⊥ ~> ⊥
-- DEBUG: is_bottom ⊥ ~> true
tests/12_interval_loop/0309_bubble.c:25.6-31: ERROR: assertion failure
-- DEBUG: [1;1] <= [0;10] ~> [1;1], [1;10]
-- DEBUG: [1;1] ⊓ [1;1] ~> [1;1]
-- DEBUG: is_bottom [1;1] ~> false
-- DEBUG: [0;10] ⊓ [1;10] ~> [1;10]
-- DEBUG: is_bottom [1;10] ~> false
-- DEBUG: const 1 ~> [1;1]
-- DEBUG: [1;1] <= [1;1] ~> [1;1], [1;1]
-- DEBUG: [1;1] ⊓ [1;1] ~> [1;1]
-- DEBUG: is_bottom [1;1] ~> false
-- DEBUG: [1;1] ⊓ [1;1] ~> [1;1]
-- DEBUG: is_bottom [1;1] ~> false
-- DEBUG: [1;1] ⊓ [1;1] ~> [1;1]
-- DEBUG: is_bottom [1;1] ~> false
-- DEBUG: [0;10] ⊓ [1;10] ~> [1;10]
-- DEBUG: is_bottom [1;10] ~> false
stat trace: tests/12_interval_loop/0309_bubble.c:25.6-31: [ B in [2;+∞], J in [1;1], N in [1;10], T in [0;0] ]
-- DEBUG: const 1 ~> [1;1]
-- DEBUG: [1;1] + [1;1] ~> [2;2]
-- DEBUG: [2;2] > [1;10] ~> [2;2], [1;1]
-- DEBUG: [1;1] + [1;1] (bwd from [2;2]) ~> [1;1], [1;1]
-- DEBUG: [1;1] ⊓ [1;1] ~> [1;1]
-- DEBUG: is_bottom [1;1] ~> false
-- DEBUG: [1;1] ⊓ [1;1] ~> [1;1]
-- DEBUG: is_bottom [1;1] ~> false
-- DEBUG: [1;10] ⊓ [1;1] ~> [1;1]
-- DEBUG: is_bottom [1;1] ~> false
-- DEBUG: const 1 ~> [1;1]
-- DEBUG: const 1 ~> [1;1]
-- DEBUG: [1;1] + [1;1] ~> [2;2]
-- DEBUG: [1;1] > [2;2] ~> ⊥, ⊥
-- DEBUG: [1;1] ⊓ ⊥ ~> ⊥
-- DEBUG: is_bottom ⊥ ~> true
tests/12_interval_loop/0309_bubble.c:26.6-39: ERROR: assertion failure
-- DEBUG: const 1 ~> [1;1]
-- DEBUG: [1;1] + [1;1] ~> [2;2]
-- DEBUG: [2;2] <= [1;10] ~> [2;2], [2;10]
-- DEBUG: [1;1] + [1;1] (bwd from [2;2]) ~> [1;1], [1;1]
-- DEBUG: [1;1] ⊓ [1;1] ~> [1;1]
-- DEBUG: is_bottom [1;1] ~> false
-- DEBUG: [1;1] ⊓ [1;1] ~> [1;1]
-- DEBUG: is_bottom [1;1] ~> false
-- DEBUG: [1;10] ⊓ [2;10] ~> [2;10]
-- DEBUG: is_bottom [2;10] ~> false
-- DEBUG: const 1 ~> [1;1]
-- DEBUG: const 1 ~> [1;1]
-- DEBUG: [1;1] + [1;1] ~> [2;2]
-- DEBUG: [1;1] <= [2;2] ~> [1;1], [2;2]
-- DEBUG: [1;1] ⊓ [1;1] ~> [1;1]
-- DEBUG: is_bottom [1;1] ~> false
-- DEBUG: [1;1] + [1;1] (bwd from [2;2]) ~> [1;1], [1;1]
-- DEBUG: [1;1] ⊓ [1;1] ~> [1;1]
-- DEBUG: is_bottom [1;1] ~> false
-- DEBUG: [1;1] ⊓ [1;1] ~> [1;1]
-- DEBUG: is_bottom [1;1] ~> false
-- DEBUG: [1;1] ⊓ [1;1] ~> [1;1]
-- DEBUG: is_bottom [1;1] ~> false
-- DEBUG: [1;10] ⊓ [2;10] ~> [2;10]
-- DEBUG: is_bottom [2;10] ~> false
stat trace: tests/12_interval_loop/0309_bubble.c:26.6-39: [ B in [2;+∞], J in [1;1], N in [2;10], T in [0;0] ]
-- DEBUG: rand 0 1 ~> [0;1]
-- DEBUG: const 0 ~> [0;0]
-- DEBUG: [0;1] == [0;0] ~> [0;0], [0;0]
-- DEBUG: [0;1] ⊓ [0;0] ~> [0;0]
-- DEBUG: is_bottom [0;0] ~> false
-- DEBUG: [0;0] ⊓ [0;0] ~> [0;0]
-- DEBUG: is_bottom [0;0] ~> false
-- DEBUG: is_bottom [1;1] ~> false
stat trace: tests/12_interval_loop/0309_bubble.c:31.8-14: [ B in [2;+∞], J in [1;1], N in [2;10], T in [1;1] ]
stat trace: tests/12_interval_loop/0309_bubble.c:29.24-32.7: [ B in [2;+∞], J in [1;1], N in [2;10], T in [1;1] ]
-- DEBUG: rand 0 1 ~> [0;1]
-- DEBUG: const 0 ~> [0;0]
-- DEBUG: [0;1] != [0;0] ~> [1;1], [0;0]
-- DEBUG: [0;1] ⊓ [1;1] ~> [1;1]
-- DEBUG: is_bottom [1;1] ~> false
-- DEBUG: [0;0] ⊓ [0;0] ~> [0;0]
-- DEBUG: is_bottom [0;0] ~> false
-- DEBUG: [1;1] ⊔ [0;0] ~> [0;1]
stat trace: tests/12_interval_loop/0309_bubble.c:29.6-32.7: [ B in [2;+∞], J in [1;1], N in [2;10], T in [0;1] ]
-- DEBUG: const 1 ~> [1;1]
-- DEBUG: [1;1] + [1;1] ~> [2;2]
-- DEBUG: is_bottom [2;2] ~> false
stat trace: tests/12_interval_loop/0309_bubble.c:34.6-16: [ B in [2;+∞], J in [2;2], N in [2;10], T in [0;1] ]
stat trace: tests/12_interval_loop/0309_bubble.c:22.21-35.5: [ B in [2;+∞], J in [2;2], N in [2;10], T in [0;1] ]
-- DEBUG: [1;1] ⊔ [2;2] ~> [1;2]
-- DEBUG: [0;0] ⊔ [0;1] ~> [0;1]
-- DEBUG: [0;10] ⊔ [2;10] ~> [0;10]
-- DEBUG: [1;+∞] ⊔ [2;+∞] ~> [1;+∞]
-- DEBUG: [1;+∞] ⊏ [1;+∞] ~> true
-- DEBUG: [1;2] ⊏ [1;1] ~> false
-- DEBUG: [1;1] ▿ [1;2] ~> [1;+∞]
-- DEBUG: [0;0] ▿ [0;1] ~> [0;+∞]
-- DEBUG: [0;10] ▿ [0;10] ~> [0;10]
-- DEBUG: [1;+∞] ▿ [1;+∞] ~> [1;+∞]
-- DEBUG: const 1 ~> [1;1]
-- DEBUG: [1;+∞] - [1;1] ~> [0;+∞]
-- DEBUG: [1;+∞] <= [0;+∞] ~> [1;+∞], [1;+∞]
-- DEBUG: [1;+∞] ⊓ [1;+∞] ~> [1;+∞]
-- DEBUG: is_bottom [1;+∞] ~> false
-- DEBUG: [1;+∞] - [1;1] (bwd from [1;+∞]) ~> [2;+∞], [1;1]
-- DEBUG: [1;+∞] ⊓ [2;+∞] ~> [2;+∞]
-- DEBUG: is_bottom [2;+∞] ~> false
-- DEBUG: [1;1] ⊓ [1;1] ~> [1;1]
-- DEBUG: is_bottom [1;1] ~> false
-- DEBUG: [1;+∞] > [0;10] ~> [1;+∞], [0;10]
-- DEBUG: [1;+∞] ⊓ [1;+∞] ~> [1;+∞]
-- DEBUG: is_bottom [1;+∞] ~> false
-- DEBUG: [0;10] ⊓ [0;10] ~> [0;10]
-- DEBUG: is_bottom [0;10] ~> false
-- DEBUG: const 1 ~> [1;1]
-- DEBUG: [1;1] > [1;+∞] ~> ⊥, ⊥
-- DEBUG: [1;1] ⊓ ⊥ ~> ⊥
-- DEBUG: is_bottom ⊥ ~> true
tests/12_interval_loop/0309_bubble.c:25.6-31: ERROR: assertion failure
-- DEBUG: [1;+∞] <= [0;10] ~> [1;10], [1;10]
-- DEBUG: [1;+∞] ⊓ [1;10] ~> [1;10]
-- DEBUG: is_bottom [1;10] ~> false
-- DEBUG: [0;10] ⊓ [1;10] ~> [1;10]
-- DEBUG: is_bottom [1;10] ~> false
-- DEBUG: const 1 ~> [1;1]
-- DEBUG: [1;1] <= [1;+∞] ~> [1;1], [1;+∞]
-- DEBUG: [1;1] ⊓ [1;1] ~> [1;1]
-- DEBUG: is_bottom [1;1] ~> false
-- DEBUG: [1;+∞] ⊓ [1;+∞] ~> [1;+∞]
-- DEBUG: is_bottom [1;+∞] ~> false
-- DEBUG: [1;+∞] ⊓ [1;10] ~> [1;10]
-- DEBUG: is_bottom [1;10] ~> false
-- DEBUG: [0;10] ⊓ [1;10] ~> [1;10]
-- DEBUG: is_bottom [1;10] ~> false
stat trace: tests/12_interval_loop/0309_bubble.c:25.6-31: [ B in [2;+∞], J in [1;10], N in [1;10], T in [0;+∞] ]
-- DEBUG: const 1 ~> [1;1]
-- DEBUG: [1;10] + [1;1] ~> [2;11]
-- DEBUG: [2;11] > [1;10] ~> [2;11], [1;10]
-- DEBUG: [1;10] + [1;1] (bwd from [2;11]) ~> [1;10], [1;1]
-- DEBUG: [1;10] ⊓ [1;10] ~> [1;10]
-- DEBUG: is_bottom [1;10] ~> false
-- DEBUG: [1;1] ⊓ [1;1] ~> [1;1]
-- DEBUG: is_bottom [1;1] ~> false
-- DEBUG: [1;10] ⊓ [1;10] ~> [1;10]
-- DEBUG: is_bottom [1;10] ~> false
-- DEBUG: const 1 ~> [1;1]
-- DEBUG: const 1 ~> [1;1]
-- DEBUG: [1;10] + [1;1] ~> [2;11]
-- DEBUG: [1;1] > [2;11] ~> ⊥, ⊥
-- DEBUG: [1;1] ⊓ ⊥ ~> ⊥
-- DEBUG: is_bottom ⊥ ~> true
tests/12_interval_loop/0309_bubble.c:26.6-39: ERROR: assertion failure
-- DEBUG: const 1 ~> [1;1]
-- DEBUG: [1;10] + [1;1] ~> [2;11]
-- DEBUG: [2;11] <= [1;10] ~> [2;10], [2;10]
-- DEBUG: [1;10] + [1;1] (bwd from [2;10]) ~> [1;9], [1;1]
-- DEBUG: [1;10] ⊓ [1;9] ~> [1;9]
-- DEBUG: is_bottom [1;9] ~> false
-- DEBUG: [1;1] ⊓ [1;1] ~> [1;1]
-- DEBUG: is_bottom [1;1] ~> false
-- DEBUG: [1;10] ⊓ [2;10] ~> [2;10]
-- DEBUG: is_bottom [2;10] ~> false
-- DEBUG: const 1 ~> [1;1]
-- DEBUG: const 1 ~> [1;1]
-- DEBUG: [1;10] + [1;1] ~> [2;11]
-- DEBUG: [1;1] <= [2;11] ~> [1;1], [2;11]
-- DEBUG: [1;1] ⊓ [1;1] ~> [1;1]
-- DEBUG: is_bottom [1;1] ~> false
-- DEBUG: [1;10] + [1;1] (bwd from [2;11]) ~> [1;10], [1;1]
-- DEBUG: [1;10] ⊓ [1;10] ~> [1;10]
-- DEBUG: is_bottom [1;10] ~> false
-- DEBUG: [1;1] ⊓ [1;1] ~> [1;1]
-- DEBUG: is_bottom [1;1] ~> false
-- DEBUG: [1;10] ⊓ [1;9] ~> [1;9]
-- DEBUG: is_bottom [1;9] ~> false
-- DEBUG: [1;10] ⊓ [2;10] ~> [2;10]
-- DEBUG: is_bottom [2;10] ~> false
stat trace: tests/12_interval_loop/0309_bubble.c:26.6-39: [ B in [2;+∞], J in [1;9], N in [2;10], T in [0;+∞] ]
-- DEBUG: rand 0 1 ~> [0;1]
-- DEBUG: const 0 ~> [0;0]
-- DEBUG: [0;1] == [0;0] ~> [0;0], [0;0]
-- DEBUG: [0;1] ⊓ [0;0] ~> [0;0]
-- DEBUG: is_bottom [0;0] ~> false
-- DEBUG: [0;0] ⊓ [0;0] ~> [0;0]
-- DEBUG: is_bottom [0;0] ~> false
-- DEBUG: is_bottom [1;9] ~> false
stat trace: tests/12_interval_loop/0309_bubble.c:31.8-14: [ B in [2;+∞], J in [1;9], N in [2;10], T in [1;9] ]
stat trace: tests/12_interval_loop/0309_bubble.c:29.24-32.7: [ B in [2;+∞], J in [1;9], N in [2;10], T in [1;9] ]
-- DEBUG: rand 0 1 ~> [0;1]
-- DEBUG: const 0 ~> [0;0]
-- DEBUG: [0;1] != [0;0] ~> [1;1], [0;0]
-- DEBUG: [0;1] ⊓ [1;1] ~> [1;1]
-- DEBUG: is_bottom [1;1] ~> false
-- DEBUG: [0;0] ⊓ [0;0] ~> [0;0]
-- DEBUG: is_bottom [0;0] ~> false
-- DEBUG: [1;9] ⊔ [0;+∞] ~> [0;+∞]
stat trace: tests/12_interval_loop/0309_bubble.c:29.6-32.7: [ B in [2;+∞], J in [1;9], N in [2;10], T in [0;+∞] ]
-- DEBUG: const 1 ~> [1;1]
-- DEBUG: [1;9] + [1;1] ~> [2;10]
-- DEBUG: is_bottom [2;10] ~> false
stat trace: tests/12_interval_loop/0309_bubble.c:34.6-16: [ B in [2;+∞], J in [2;10], N in [2;10], T in [0;+∞] ]
stat trace: tests/12_interval_loop/0309_bubble.c:22.21-35.5: [ B in [2;+∞], J in [2;10], N in [2;10], T in [0;+∞] ]
-- DEBUG: [1;1] ⊔ [2;10] ~> [1;10]
-- DEBUG: [0;0] ⊔ [0;+∞] ~> [0;+∞]
-- DEBUG: [0;10] ⊔ [2;10] ~> [0;10]
-- DEBUG: [1;+∞] ⊔ [2;+∞] ~> [1;+∞]
-- DEBUG: [1;+∞] ⊏ [1;+∞] ~> true
-- DEBUG: [1;10] ⊏ [1;+∞] ~> true
-- DEBUG: [0;10] ⊏ [0;10] ~> true
-- DEBUG: [0;+∞] ⊏ [0;+∞] ~> true
-- DEBUG: const 1 ~> [1;1]
-- DEBUG: [1;+∞] - [1;1] ~> [0;+∞]
-- DEBUG: [1;10] > [0;+∞] ~> [1;10], [0;9]
-- DEBUG: [1;10] ⊓ [1;10] ~> [1;10]
-- DEBUG: is_bottom [1;10] ~> false
-- DEBUG: [1;+∞] - [1;1] (bwd from [0;9]) ~> [1;10], [1;1]
-- DEBUG: [1;+∞] ⊓ [1;10] ~> [1;10]
-- DEBUG: is_bottom [1;10] ~> false
-- DEBUG: [1;1] ⊓ [1;1] ~> [1;1]
-- DEBUG: is_bottom [1;1] ~> false
stat trace: tests/12_interval_loop/0309_bubble.c:22.4-35.5: [ B in [1;10], J in [1;10], N in [0;10], T in [0;+∞] ]
-- DEBUG: is_bottom [0;+∞] ~> false
stat trace: tests/12_interval_loop/0309_bubble.c:36.4-10: [ B in [0;+∞], J in [1;10], N in [0;10], T in [0;+∞] ]
stat trace: tests/12_interval_loop/0309_bubble.c:19.17-37.3: [ B in [0;+∞], J in [1;10], N in [0;10], T in [0;+∞] ]
-- DEBUG: [0;0] ⊔ [1;10] ~> [0;10]
-- DEBUG: [0;0] ⊔ [0;+∞] ~> [0;+∞]
-- DEBUG: [0;10] ⊔ [0;10] ~> [0;10]
-- DEBUG: [0;10] ⊔ [0;+∞] ~> [0;+∞]
-- DEBUG: [0;+∞] ⊏ [0;+∞] ~> true
-- DEBUG: [0;10] ⊏ [0;+∞] ~> true
-- DEBUG: [0;10] ⊏ [0;10] ~> true
-- DEBUG: [0;+∞] ⊏ [0;+∞] ~> true
-- DEBUG: const 1 ~> [1;1]
-- DEBUG: [0;+∞] < [1;1] ~> [0;0], [1;1]
-- DEBUG: [0;+∞] ⊓ [0;0] ~> [0;0]
-- DEBUG: is_bottom [0;0] ~> false
-- DEBUG: [1;1] ⊓ [1;1] ~> [1;1]
-- DEBUG: is_bottom [1;1] ~> false
stat trace: tests/12_interval_loop/0309_bubble.c:19.2-37.3: [ B in [0;0], J in [0;10], N in [0;10], T in [0;+∞] ]
tests/12_interval_loop/0309_bubble.c:38.2-12: [ B in [0;0], J in [0;10], N in [0;10], T in [0;+∞] ]
stat trace: tests/12_interval_loop/0309_bubble.c:38.2-12: [ B in [0;0], J in [0;10], N in [0;10], T in [0;+∞] ]
stat trace: tests/12_interval_loop/0309_bubble.c:10.0-39.1: [ ]
analysis ended
