stat trace: tests/03_concrete_assert/0301_assert_false.c:3.2-8: { [x=9;]; }
tests/03_concrete_assert/0301_assert_false.c:4.2-17: ERROR: assertion failure
stat trace: tests/03_concrete_assert/0301_assert_false.c:4.2-17: { }
tests/03_concrete_assert/0301_assert_false.c:5.2-11: { }
stat trace: tests/03_concrete_assert/0301_assert_false.c:5.2-11: { }
stat trace: tests/03_concrete_assert/0301_assert_false.c:1.0-6.1: { }
analysis ended
