stat trace: tests/03_concrete_assert/0304_assert_rel.c:4.22-28: { [x=1;y=0;]; }
stat trace: tests/03_concrete_assert/0304_assert_rel.c:4.29-35: { [x=1;y=1;]; }
stat trace: tests/03_concrete_assert/0304_assert_rel.c:4.20-37: { [x=1;y=1;]; }
stat trace: tests/03_concrete_assert/0304_assert_rel.c:5.9-16: { [x=3;y=0;]; }
stat trace: tests/03_concrete_assert/0304_assert_rel.c:5.17-23: { [x=3;y=3;]; }
stat trace: tests/03_concrete_assert/0304_assert_rel.c:5.7-25: { [x=3;y=3;]; }
stat trace: tests/03_concrete_assert/0304_assert_rel.c:4.2-5.25: { [x=1;y=1;]; [x=3;y=3;]; }
stat trace: tests/03_concrete_assert/0304_assert_rel.c:6.2-15: { [x=1;y=1;]; [x=3;y=3;]; }
tests/03_concrete_assert/0304_assert_rel.c:7.2-13: { [x=1;y=1;]; [x=3;y=3;]; }
stat trace: tests/03_concrete_assert/0304_assert_rel.c:7.2-13: { [x=1;y=1;]; [x=3;y=3;]; }
stat trace: tests/03_concrete_assert/0304_assert_rel.c:1.0-8.1: { []; }
analysis ended
