stat trace: tests/03_concrete_assert/0306_loop_rel.c:4.2-17: { [N=0;x=0;]; [N=1;x=0;]; [N=2;x=0;]; [N=3;x=0;]; [N=4;x=0;]; [N=5;x=0;]; [N=6;x=0;]; [N=7;x=0;]; [N=8;x=0;]; [N=9;x=0;]; [N=10;x=0;]; }
stat trace: tests/03_concrete_assert/0306_loop_rel.c:5.2-8: { [N=0;x=0;]; [N=1;x=0;]; [N=2;x=0;]; [N=3;x=0;]; [N=4;x=0;]; [N=5;x=0;]; [N=6;x=0;]; [N=7;x=0;]; [N=8;x=0;]; [N=9;x=0;]; [N=10;x=0;]; }
tests/03_concrete_assert/0306_loop_rel.c:7.4-15: { [x=0;N=1;]; [x=0;N=2;]; [x=0;N=3;]; [x=0;N=4;]; [x=0;N=5;]; [x=0;N=6;]; [x=0;N=7;]; [x=0;N=8;]; [x=0;N=9;]; [x=0;N=10;]; }
stat trace: tests/03_concrete_assert/0306_loop_rel.c:7.4-15: { [N=1;x=0;]; [N=2;x=0;]; [N=3;x=0;]; [N=4;x=0;]; [N=5;x=0;]; [N=6;x=0;]; [N=7;x=0;]; [N=8;x=0;]; [N=9;x=0;]; [N=10;x=0;]; }
stat trace: tests/03_concrete_assert/0306_loop_rel.c:8.4-14: { [N=1;x=1;]; [N=2;x=1;]; [N=3;x=1;]; [N=4;x=1;]; [N=5;x=1;]; [N=6;x=1;]; [N=7;x=1;]; [N=8;x=1;]; [N=9;x=1;]; [N=10;x=1;]; }
stat trace: tests/03_concrete_assert/0306_loop_rel.c:6.16-9.3: { [N=1;x=1;]; [N=2;x=1;]; [N=3;x=1;]; [N=4;x=1;]; [N=5;x=1;]; [N=6;x=1;]; [N=7;x=1;]; [N=8;x=1;]; [N=9;x=1;]; [N=10;x=1;]; }
tests/03_concrete_assert/0306_loop_rel.c:7.4-15: { [x=0;N=1;]; [x=0;N=2;]; [x=1;N=2;]; [x=0;N=3;]; [x=1;N=3;]; [x=0;N=4;]; [x=1;N=4;]; [x=0;N=5;]; [x=1;N=5;]; [x=0;N=6;]; [x=1;N=6;]; [x=0;N=7;]; [x=1;N=7;]; [x=0;N=8;]; [x=1;N=8;]; [x=0;N=9;]; [x=1;N=9;]; [x=0;N=10;]; [x=1;N=10;]; }
stat trace: tests/03_concrete_assert/0306_loop_rel.c:7.4-15: { [N=1;x=0;]; [N=2;x=0;]; [N=2;x=1;]; [N=3;x=0;]; [N=3;x=1;]; [N=4;x=0;]; [N=4;x=1;]; [N=5;x=0;]; [N=5;x=1;]; [N=6;x=0;]; [N=6;x=1;]; [N=7;x=0;]; [N=7;x=1;]; [N=8;x=0;]; [N=8;x=1;]; [N=9;x=0;]; [N=9;x=1;]; [N=10;x=0;]; [N=10;x=1;]; }
stat trace: tests/03_concrete_assert/0306_loop_rel.c:8.4-14: { [N=1;x=1;]; [N=2;x=1;]; [N=2;x=2;]; [N=3;x=1;]; [N=3;x=2;]; [N=4;x=1;]; [N=4;x=2;]; [N=5;x=1;]; [N=5;x=2;]; [N=6;x=1;]; [N=6;x=2;]; [N=7;x=1;]; [N=7;x=2;]; [N=8;x=1;]; [N=8;x=2;]; [N=9;x=1;]; [N=9;x=2;]; [N=10;x=1;]; [N=10;x=2;]; }
stat trace: tests/03_concrete_assert/0306_loop_rel.c:6.16-9.3: { [N=1;x=1;]; [N=2;x=1;]; [N=2;x=2;]; [N=3;x=1;]; [N=3;x=2;]; [N=4;x=1;]; [N=4;x=2;]; [N=5;x=1;]; [N=5;x=2;]; [N=6;x=1;]; [N=6;x=2;]; [N=7;x=1;]; [N=7;x=2;]; [N=8;x=1;]; [N=8;x=2;]; [N=9;x=1;]; [N=9;x=2;]; [N=10;x=1;]; [N=10;x=2;]; }
tests/03_concrete_assert/0306_loop_rel.c:7.4-15: { [x=0;N=1;]; [x=0;N=2;]; [x=1;N=2;]; [x=0;N=3;]; [x=1;N=3;]; [x=2;N=3;]; [x=0;N=4;]; [x=1;N=4;]; [x=2;N=4;]; [x=0;N=5;]; [x=1;N=5;]; [x=2;N=5;]; [x=0;N=6;]; [x=1;N=6;]; [x=2;N=6;]; [x=0;N=7;]; [x=1;N=7;]; [x=2;N=7;]; [x=0;N=8;]; [x=1;N=8;]; [x=2;N=8;]; [x=0;N=9;]; [x=1;N=9;]; [x=2;N=9;]; [x=0;N=10;]; [x=1;N=10;]; [x=2;N=10;]; }
stat trace: tests/03_concrete_assert/0306_loop_rel.c:7.4-15: { [N=1;x=0;]; [N=2;x=0;]; [N=2;x=1;]; [N=3;x=0;]; [N=3;x=1;]; [N=3;x=2;]; [N=4;x=0;]; [N=4;x=1;]; [N=4;x=2;]; [N=5;x=0;]; [N=5;x=1;]; [N=5;x=2;]; [N=6;x=0;]; [N=6;x=1;]; [N=6;x=2;]; [N=7;x=0;]; [N=7;x=1;]; [N=7;x=2;]; [N=8;x=0;]; [N=8;x=1;]; [N=8;x=2;]; [N=9;x=0;]; [N=9;x=1;]; [N=9;x=2;]; [N=10;x=0;]; [N=10;x=1;]; [N=10;x=2;]; }
stat trace: tests/03_concrete_assert/0306_loop_rel.c:8.4-14: { [N=1;x=1;]; [N=2;x=1;]; [N=2;x=2;]; [N=3;x=1;]; [N=3;x=2;]; [N=3;x=3;]; [N=4;x=1;]; [N=4;x=2;]; [N=4;x=3;]; [N=5;x=1;]; [N=5;x=2;]; [N=5;x=3;]; [N=6;x=1;]; [N=6;x=2;]; [N=6;x=3;]; [N=7;x=1;]; [N=7;x=2;]; [N=7;x=3;]; [N=8;x=1;]; [N=8;x=2;]; [N=8;x=3;]; [N=9;x=1;]; [N=9;x=2;]; [N=9;x=3;]; [N=10;x=1;]; [N=10;x=2;]; [N=10;x=3;]; }
stat trace: tests/03_concrete_assert/0306_loop_rel.c:6.16-9.3: { [N=1;x=1;]; [N=2;x=1;]; [N=2;x=2;]; [N=3;x=1;]; [N=3;x=2;]; [N=3;x=3;]; [N=4;x=1;]; [N=4;x=2;]; [N=4;x=3;]; [N=5;x=1;]; [N=5;x=2;]; [N=5;x=3;]; [N=6;x=1;]; [N=6;x=2;]; [N=6;x=3;]; [N=7;x=1;]; [N=7;x=2;]; [N=7;x=3;]; [N=8;x=1;]; [N=8;x=2;]; [N=8;x=3;]; [N=9;x=1;]; [N=9;x=2;]; [N=9;x=3;]; [N=10;x=1;]; [N=10;x=2;]; [N=10;x=3;]; }
tests/03_concrete_assert/0306_loop_rel.c:7.4-15: { [x=0;N=1;]; [x=0;N=2;]; [x=1;N=2;]; [x=0;N=3;]; [x=1;N=3;]; [x=2;N=3;]; [x=0;N=4;]; [x=1;N=4;]; [x=2;N=4;]; [x=3;N=4;]; [x=0;N=5;]; [x=1;N=5;]; [x=2;N=5;]; [x=3;N=5;]; [x=0;N=6;]; [x=1;N=6;]; [x=2;N=6;]; [x=3;N=6;]; [x=0;N=7;]; [x=1;N=7;]; [x=2;N=7;]; [x=3;N=7;]; [x=0;N=8;]; [x=1;N=8;]; [x=2;N=8;]; [x=3;N=8;]; [x=0;N=9;]; [x=1;N=9;]; [x=2;N=9;]; [x=3;N=9;]; [x=0;N=10;]; [x=1;N=10;]; [x=2;N=10;]; [x=3;N=10;]; }
stat trace: tests/03_concrete_assert/0306_loop_rel.c:7.4-15: { [N=1;x=0;]; [N=2;x=0;]; [N=2;x=1;]; [N=3;x=0;]; [N=3;x=1;]; [N=3;x=2;]; [N=4;x=0;]; [N=4;x=1;]; [N=4;x=2;]; [N=4;x=3;]; [N=5;x=0;]; [N=5;x=1;]; [N=5;x=2;]; [N=5;x=3;]; [N=6;x=0;]; [N=6;x=1;]; [N=6;x=2;]; [N=6;x=3;]; [N=7;x=0;]; [N=7;x=1;]; [N=7;x=2;]; [N=7;x=3;]; [N=8;x=0;]; [N=8;x=1;]; [N=8;x=2;]; [N=8;x=3;]; [N=9;x=0;]; [N=9;x=1;]; [N=9;x=2;]; [N=9;x=3;]; [N=10;x=0;]; [N=10;x=1;]; [N=10;x=2;]; [N=10;x=3;]; }
stat trace: tests/03_concrete_assert/0306_loop_rel.c:8.4-14: { [N=1;x=1;]; [N=2;x=1;]; [N=2;x=2;]; [N=3;x=1;]; [N=3;x=2;]; [N=3;x=3;]; [N=4;x=1;]; [N=4;x=2;]; [N=4;x=3;]; [N=4;x=4;]; [N=5;x=1;]; [N=5;x=2;]; [N=5;x=3;]; [N=5;x=4;]; [N=6;x=1;]; [N=6;x=2;]; [N=6;x=3;]; [N=6;x=4;]; [N=7;x=1;]; [N=7;x=2;]; [N=7;x=3;]; [N=7;x=4;]; [N=8;x=1;]; [N=8;x=2;]; [N=8;x=3;]; [N=8;x=4;]; [N=9;x=1;]; [N=9;x=2;]; [N=9;x=3;]; [N=9;x=4;]; [N=10;x=1;]; [N=10;x=2;]; [N=10;x=3;]; [N=10;x=4;]; }
stat trace: tests/03_concrete_assert/0306_loop_rel.c:6.16-9.3: { [N=1;x=1;]; [N=2;x=1;]; [N=2;x=2;]; [N=3;x=1;]; [N=3;x=2;]; [N=3;x=3;]; [N=4;x=1;]; [N=4;x=2;]; [N=4;x=3;]; [N=4;x=4;]; [N=5;x=1;]; [N=5;x=2;]; [N=5;x=3;]; [N=5;x=4;]; [N=6;x=1;]; [N=6;x=2;]; [N=6;x=3;]; [N=6;x=4;]; [N=7;x=1;]; [N=7;x=2;]; [N=7;x=3;]; [N=7;x=4;]; [N=8;x=1;]; [N=8;x=2;]; [N=8;x=3;]; [N=8;x=4;]; [N=9;x=1;]; [N=9;x=2;]; [N=9;x=3;]; [N=9;x=4;]; [N=10;x=1;]; [N=10;x=2;]; [N=10;x=3;]; [N=10;x=4;]; }
tests/03_concrete_assert/0306_loop_rel.c:7.4-15: { [x=0;N=1;]; [x=0;N=2;]; [x=1;N=2;]; [x=0;N=3;]; [x=1;N=3;]; [x=2;N=3;]; [x=0;N=4;]; [x=1;N=4;]; [x=2;N=4;]; [x=3;N=4;]; [x=0;N=5;]; [x=1;N=5;]; [x=2;N=5;]; [x=3;N=5;]; [x=4;N=5;]; [x=0;N=6;]; [x=1;N=6;]; [x=2;N=6;]; [x=3;N=6;]; [x=4;N=6;]; [x=0;N=7;]; [x=1;N=7;]; [x=2;N=7;]; [x=3;N=7;]; [x=4;N=7;]; [x=0;N=8;]; [x=1;N=8;]; [x=2;N=8;]; [x=3;N=8;]; [x=4;N=8;]; [x=0;N=9;]; [x=1;N=9;]; [x=2;N=9;]; [x=3;N=9;]; [x=4;N=9;]; [x=0;N=10;]; [x=1;N=10;]; [x=2;N=10;]; [x=3;N=10;]; [x=4;N=10;]; }
stat trace: tests/03_concrete_assert/0306_loop_rel.c:7.4-15: { [N=1;x=0;]; [N=2;x=0;]; [N=2;x=1;]; [N=3;x=0;]; [N=3;x=1;]; [N=3;x=2;]; [N=4;x=0;]; [N=4;x=1;]; [N=4;x=2;]; [N=4;x=3;]; [N=5;x=0;]; [N=5;x=1;]; [N=5;x=2;]; [N=5;x=3;]; [N=5;x=4;]; [N=6;x=0;]; [N=6;x=1;]; [N=6;x=2;]; [N=6;x=3;]; [N=6;x=4;]; [N=7;x=0;]; [N=7;x=1;]; [N=7;x=2;]; [N=7;x=3;]; [N=7;x=4;]; [N=8;x=0;]; [N=8;x=1;]; [N=8;x=2;]; [N=8;x=3;]; [N=8;x=4;]; [N=9;x=0;]; [N=9;x=1;]; [N=9;x=2;]; [N=9;x=3;]; [N=9;x=4;]; [N=10;x=0;]; [N=10;x=1;]; [N=10;x=2;]; [N=10;x=3;]; [N=10;x=4;]; }
stat trace: tests/03_concrete_assert/0306_loop_rel.c:8.4-14: { [N=1;x=1;]; [N=2;x=1;]; [N=2;x=2;]; [N=3;x=1;]; [N=3;x=2;]; [N=3;x=3;]; [N=4;x=1;]; [N=4;x=2;]; [N=4;x=3;]; [N=4;x=4;]; [N=5;x=1;]; [N=5;x=2;]; [N=5;x=3;]; [N=5;x=4;]; [N=5;x=5;]; [N=6;x=1;]; [N=6;x=2;]; [N=6;x=3;]; [N=6;x=4;]; [N=6;x=5;]; [N=7;x=1;]; [N=7;x=2;]; [N=7;x=3;]; [N=7;x=4;]; [N=7;x=5;]; [N=8;x=1;]; [N=8;x=2;]; [N=8;x=3;]; [N=8;x=4;]; [N=8;x=5;]; [N=9;x=1;]; [N=9;x=2;]; [N=9;x=3;]; [N=9;x=4;]; [N=9;x=5;]; [N=10;x=1;]; [N=10;x=2;]; [N=10;x=3;]; [N=10;x=4;]; [N=10;x=5;]; }
stat trace: tests/03_concrete_assert/0306_loop_rel.c:6.16-9.3: { [N=1;x=1;]; [N=2;x=1;]; [N=2;x=2;]; [N=3;x=1;]; [N=3;x=2;]; [N=3;x=3;]; [N=4;x=1;]; [N=4;x=2;]; [N=4;x=3;]; [N=4;x=4;]; [N=5;x=1;]; [N=5;x=2;]; [N=5;x=3;]; [N=5;x=4;]; [N=5;x=5;]; [N=6;x=1;]; [N=6;x=2;]; [N=6;x=3;]; [N=6;x=4;]; [N=6;x=5;]; [N=7;x=1;]; [N=7;x=2;]; [N=7;x=3;]; [N=7;x=4;]; [N=7;x=5;]; [N=8;x=1;]; [N=8;x=2;]; [N=8;x=3;]; [N=8;x=4;]; [N=8;x=5;]; [N=9;x=1;]; [N=9;x=2;]; [N=9;x=3;]; [N=9;x=4;]; [N=9;x=5;]; [N=10;x=1;]; [N=10;x=2;]; [N=10;x=3;]; [N=10;x=4;]; [N=10;x=5;]; }
tests/03_concrete_assert/0306_loop_rel.c:7.4-15: { [x=0;N=1;]; [x=0;N=2;]; [x=1;N=2;]; [x=0;N=3;]; [x=1;N=3;]; [x=2;N=3;]; [x=0;N=4;]; [x=1;N=4;]; [x=2;N=4;]; [x=3;N=4;]; [x=0;N=5;]; [x=1;N=5;]; [x=2;N=5;]; [x=3;N=5;]; [x=4;N=5;]; [x=0;N=6;]; [x=1;N=6;]; [x=2;N=6;]; [x=3;N=6;]; [x=4;N=6;]; [x=5;N=6;]; [x=0;N=7;]; [x=1;N=7;]; [x=2;N=7;]; [x=3;N=7;]; [x=4;N=7;]; [x=5;N=7;]; [x=0;N=8;]; [x=1;N=8;]; [x=2;N=8;]; [x=3;N=8;]; [x=4;N=8;]; [x=5;N=8;]; [x=0;N=9;]; [x=1;N=9;]; [x=2;N=9;]; [x=3;N=9;]; [x=4;N=9;]; [x=5;N=9;]; [x=0;N=10;]; [x=1;N=10;]; [x=2;N=10;]; [x=3;N=10;]; [x=4;N=10;]; [x=5;N=10;]; }
stat trace: tests/03_concrete_assert/0306_loop_rel.c:7.4-15: { [N=1;x=0;]; [N=2;x=0;]; [N=2;x=1;]; [N=3;x=0;]; [N=3;x=1;]; [N=3;x=2;]; [N=4;x=0;]; [N=4;x=1;]; [N=4;x=2;]; [N=4;x=3;]; [N=5;x=0;]; [N=5;x=1;]; [N=5;x=2;]; [N=5;x=3;]; [N=5;x=4;]; [N=6;x=0;]; [N=6;x=1;]; [N=6;x=2;]; [N=6;x=3;]; [N=6;x=4;]; [N=6;x=5;]; [N=7;x=0;]; [N=7;x=1;]; [N=7;x=2;]; [N=7;x=3;]; [N=7;x=4;]; [N=7;x=5;]; [N=8;x=0;]; [N=8;x=1;]; [N=8;x=2;]; [N=8;x=3;]; [N=8;x=4;]; [N=8;x=5;]; [N=9;x=0;]; [N=9;x=1;]; [N=9;x=2;]; [N=9;x=3;]; [N=9;x=4;]; [N=9;x=5;]; [N=10;x=0;]; [N=10;x=1;]; [N=10;x=2;]; [N=10;x=3;]; [N=10;x=4;]; [N=10;x=5;]; }
stat trace: tests/03_concrete_assert/0306_loop_rel.c:8.4-14: { [N=1;x=1;]; [N=2;x=1;]; [N=2;x=2;]; [N=3;x=1;]; [N=3;x=2;]; [N=3;x=3;]; [N=4;x=1;]; [N=4;x=2;]; [N=4;x=3;]; [N=4;x=4;]; [N=5;x=1;]; [N=5;x=2;]; [N=5;x=3;]; [N=5;x=4;]; [N=5;x=5;]; [N=6;x=1;]; [N=6;x=2;]; [N=6;x=3;]; [N=6;x=4;]; [N=6;x=5;]; [N=6;x=6;]; [N=7;x=1;]; [N=7;x=2;]; [N=7;x=3;]; [N=7;x=4;]; [N=7;x=5;]; [N=7;x=6;]; [N=8;x=1;]; [N=8;x=2;]; [N=8;x=3;]; [N=8;x=4;]; [N=8;x=5;]; [N=8;x=6;]; [N=9;x=1;]; [N=9;x=2;]; [N=9;x=3;]; [N=9;x=4;]; [N=9;x=5;]; [N=9;x=6;]; [N=10;x=1;]; [N=10;x=2;]; [N=10;x=3;]; [N=10;x=4;]; [N=10;x=5;]; [N=10;x=6;]; }
stat trace: tests/03_concrete_assert/0306_loop_rel.c:6.16-9.3: { [N=1;x=1;]; [N=2;x=1;]; [N=2;x=2;]; [N=3;x=1;]; [N=3;x=2;]; [N=3;x=3;]; [N=4;x=1;]; [N=4;x=2;]; [N=4;x=3;]; [N=4;x=4;]; [N=5;x=1;]; [N=5;x=2;]; [N=5;x=3;]; [N=5;x=4;]; [N=5;x=5;]; [N=6;x=1;]; [N=6;x=2;]; [N=6;x=3;]; [N=6;x=4;]; [N=6;x=5;]; [N=6;x=6;]; [N=7;x=1;]; [N=7;x=2;]; [N=7;x=3;]; [N=7;x=4;]; [N=7;x=5;]; [N=7;x=6;]; [N=8;x=1;]; [N=8;x=2;]; [N=8;x=3;]; [N=8;x=4;]; [N=8;x=5;]; [N=8;x=6;]; [N=9;x=1;]; [N=9;x=2;]; [N=9;x=3;]; [N=9;x=4;]; [N=9;x=5;]; [N=9;x=6;]; [N=10;x=1;]; [N=10;x=2;]; [N=10;x=3;]; [N=10;x=4;]; [N=10;x=5;]; [N=10;x=6;]; }
tests/03_concrete_assert/0306_loop_rel.c:7.4-15: { [x=0;N=1;]; [x=0;N=2;]; [x=1;N=2;]; [x=0;N=3;]; [x=1;N=3;]; [x=2;N=3;]; [x=0;N=4;]; [x=1;N=4;]; [x=2;N=4;]; [x=3;N=4;]; [x=0;N=5;]; [x=1;N=5;]; [x=2;N=5;]; [x=3;N=5;]; [x=4;N=5;]; [x=0;N=6;]; [x=1;N=6;]; [x=2;N=6;]; [x=3;N=6;]; [x=4;N=6;]; [x=5;N=6;]; [x=0;N=7;]; [x=1;N=7;]; [x=2;N=7;]; [x=3;N=7;]; [x=4;N=7;]; [x=5;N=7;]; [x=6;N=7;]; [x=0;N=8;]; [x=1;N=8;]; [x=2;N=8;]; [x=3;N=8;]; [x=4;N=8;]; [x=5;N=8;]; [x=6;N=8;]; [x=0;N=9;]; [x=1;N=9;]; [x=2;N=9;]; [x=3;N=9;]; [x=4;N=9;]; [x=5;N=9;]; [x=6;N=9;]; [x=0;N=10;]; [x=1;N=10;]; [x=2;N=10;]; [x=3;N=10;]; [x=4;N=10;]; [x=5;N=10;]; [x=6;N=10;]; }
stat trace: tests/03_concrete_assert/0306_loop_rel.c:7.4-15: { [N=1;x=0;]; [N=2;x=0;]; [N=2;x=1;]; [N=3;x=0;]; [N=3;x=1;]; [N=3;x=2;]; [N=4;x=0;]; [N=4;x=1;]; [N=4;x=2;]; [N=4;x=3;]; [N=5;x=0;]; [N=5;x=1;]; [N=5;x=2;]; [N=5;x=3;]; [N=5;x=4;]; [N=6;x=0;]; [N=6;x=1;]; [N=6;x=2;]; [N=6;x=3;]; [N=6;x=4;]; [N=6;x=5;]; [N=7;x=0;]; [N=7;x=1;]; [N=7;x=2;]; [N=7;x=3;]; [N=7;x=4;]; [N=7;x=5;]; [N=7;x=6;]; [N=8;x=0;]; [N=8;x=1;]; [N=8;x=2;]; [N=8;x=3;]; [N=8;x=4;]; [N=8;x=5;]; [N=8;x=6;]; [N=9;x=0;]; [N=9;x=1;]; [N=9;x=2;]; [N=9;x=3;]; [N=9;x=4;]; [N=9;x=5;]; [N=9;x=6;]; [N=10;x=0;]; [N=10;x=1;]; [N=10;x=2;]; [N=10;x=3;]; [N=10;x=4;]; [N=10;x=5;]; [N=10;x=6;]; }
stat trace: tests/03_concrete_assert/0306_loop_rel.c:8.4-14: { [N=1;x=1;]; [N=2;x=1;]; [N=2;x=2;]; [N=3;x=1;]; [N=3;x=2;]; [N=3;x=3;]; [N=4;x=1;]; [N=4;x=2;]; [N=4;x=3;]; [N=4;x=4;]; [N=5;x=1;]; [N=5;x=2;]; [N=5;x=3;]; [N=5;x=4;]; [N=5;x=5;]; [N=6;x=1;]; [N=6;x=2;]; [N=6;x=3;]; [N=6;x=4;]; [N=6;x=5;]; [N=6;x=6;]; [N=7;x=1;]; [N=7;x=2;]; [N=7;x=3;]; [N=7;x=4;]; [N=7;x=5;]; [N=7;x=6;]; [N=7;x=7;]; [N=8;x=1;]; [N=8;x=2;]; [N=8;x=3;]; [N=8;x=4;]; [N=8;x=5;]; [N=8;x=6;]; [N=8;x=7;]; [N=9;x=1;]; [N=9;x=2;]; [N=9;x=3;]; [N=9;x=4;]; [N=9;x=5;]; [N=9;x=6;]; [N=9;x=7;]; [N=10;x=1;]; [N=10;x=2;]; [N=10;x=3;]; [N=10;x=4;]; [N=10;x=5;]; [N=10;x=6;]; [N=10;x=7;]; }
stat trace: tests/03_concrete_assert/0306_loop_rel.c:6.16-9.3: { [N=1;x=1;]; [N=2;x=1;]; [N=2;x=2;]; [N=3;x=1;]; [N=3;x=2;]; [N=3;x=3;]; [N=4;x=1;]; [N=4;x=2;]; [N=4;x=3;]; [N=4;x=4;]; [N=5;x=1;]; [N=5;x=2;]; [N=5;x=3;]; [N=5;x=4;]; [N=5;x=5;]; [N=6;x=1;]; [N=6;x=2;]; [N=6;x=3;]; [N=6;x=4;]; [N=6;x=5;]; [N=6;x=6;]; [N=7;x=1;]; [N=7;x=2;]; [N=7;x=3;]; [N=7;x=4;]; [N=7;x=5;]; [N=7;x=6;]; [N=7;x=7;]; [N=8;x=1;]; [N=8;x=2;]; [N=8;x=3;]; [N=8;x=4;]; [N=8;x=5;]; [N=8;x=6;]; [N=8;x=7;]; [N=9;x=1;]; [N=9;x=2;]; [N=9;x=3;]; [N=9;x=4;]; [N=9;x=5;]; [N=9;x=6;]; [N=9;x=7;]; [N=10;x=1;]; [N=10;x=2;]; [N=10;x=3;]; [N=10;x=4;]; [N=10;x=5;]; [N=10;x=6;]; [N=10;x=7;]; }
tests/03_concrete_assert/0306_loop_rel.c:7.4-15: { [x=0;N=1;]; [x=0;N=2;]; [x=1;N=2;]; [x=0;N=3;]; [x=1;N=3;]; [x=2;N=3;]; [x=0;N=4;]; [x=1;N=4;]; [x=2;N=4;]; [x=3;N=4;]; [x=0;N=5;]; [x=1;N=5;]; [x=2;N=5;]; [x=3;N=5;]; [x=4;N=5;]; [x=0;N=6;]; [x=1;N=6;]; [x=2;N=6;]; [x=3;N=6;]; [x=4;N=6;]; [x=5;N=6;]; [x=0;N=7;]; [x=1;N=7;]; [x=2;N=7;]; [x=3;N=7;]; [x=4;N=7;]; [x=5;N=7;]; [x=6;N=7;]; [x=0;N=8;]; [x=1;N=8;]; [x=2;N=8;]; [x=3;N=8;]; [x=4;N=8;]; [x=5;N=8;]; [x=6;N=8;]; [x=7;N=8;]; [x=0;N=9;]; [x=1;N=9;]; [x=2;N=9;]; [x=3;N=9;]; [x=4;N=9;]; [x=5;N=9;]; [x=6;N=9;]; [x=7;N=9;]; [x=0;N=10;]; [x=1;N=10;]; [x=2;N=10;]; [x=3;N=10;]; [x=4;N=10;]; [x=5;N=10;]; [x=6;N=10;]; [x=7;N=10;]; }
stat trace: tests/03_concrete_assert/0306_loop_rel.c:7.4-15: { [N=1;x=0;]; [N=2;x=0;]; [N=2;x=1;]; [N=3;x=0;]; [N=3;x=1;]; [N=3;x=2;]; [N=4;x=0;]; [N=4;x=1;]; [N=4;x=2;]; [N=4;x=3;]; [N=5;x=0;]; [N=5;x=1;]; [N=5;x=2;]; [N=5;x=3;]; [N=5;x=4;]; [N=6;x=0;]; [N=6;x=1;]; [N=6;x=2;]; [N=6;x=3;]; [N=6;x=4;]; [N=6;x=5;]; [N=7;x=0;]; [N=7;x=1;]; [N=7;x=2;]; [N=7;x=3;]; [N=7;x=4;]; [N=7;x=5;]; [N=7;x=6;]; [N=8;x=0;]; [N=8;x=1;]; [N=8;x=2;]; [N=8;x=3;]; [N=8;x=4;]; [N=8;x=5;]; [N=8;x=6;]; [N=8;x=7;]; [N=9;x=0;]; [N=9;x=1;]; [N=9;x=2;]; [N=9;x=3;]; [N=9;x=4;]; [N=9;x=5;]; [N=9;x=6;]; [N=9;x=7;]; [N=10;x=0;]; [N=10;x=1;]; [N=10;x=2;]; [N=10;x=3;]; [N=10;x=4;]; [N=10;x=5;]; [N=10;x=6;]; [N=10;x=7;]; }
stat trace: tests/03_concrete_assert/0306_loop_rel.c:8.4-14: { [N=1;x=1;]; [N=2;x=1;]; [N=2;x=2;]; [N=3;x=1;]; [N=3;x=2;]; [N=3;x=3;]; [N=4;x=1;]; [N=4;x=2;]; [N=4;x=3;]; [N=4;x=4;]; [N=5;x=1;]; [N=5;x=2;]; [N=5;x=3;]; [N=5;x=4;]; [N=5;x=5;]; [N=6;x=1;]; [N=6;x=2;]; [N=6;x=3;]; [N=6;x=4;]; [N=6;x=5;]; [N=6;x=6;]; [N=7;x=1;]; [N=7;x=2;]; [N=7;x=3;]; [N=7;x=4;]; [N=7;x=5;]; [N=7;x=6;]; [N=7;x=7;]; [N=8;x=1;]; [N=8;x=2;]; [N=8;x=3;]; [N=8;x=4;]; [N=8;x=5;]; [N=8;x=6;]; [N=8;x=7;]; [N=8;x=8;]; [N=9;x=1;]; [N=9;x=2;]; [N=9;x=3;]; [N=9;x=4;]; [N=9;x=5;]; [N=9;x=6;]; [N=9;x=7;]; [N=9;x=8;]; [N=10;x=1;]; [N=10;x=2;]; [N=10;x=3;]; [N=10;x=4;]; [N=10;x=5;]; [N=10;x=6;]; [N=10;x=7;]; [N=10;x=8;]; }
stat trace: tests/03_concrete_assert/0306_loop_rel.c:6.16-9.3: { [N=1;x=1;]; [N=2;x=1;]; [N=2;x=2;]; [N=3;x=1;]; [N=3;x=2;]; [N=3;x=3;]; [N=4;x=1;]; [N=4;x=2;]; [N=4;x=3;]; [N=4;x=4;]; [N=5;x=1;]; [N=5;x=2;]; [N=5;x=3;]; [N=5;x=4;]; [N=5;x=5;]; [N=6;x=1;]; [N=6;x=2;]; [N=6;x=3;]; [N=6;x=4;]; [N=6;x=5;]; [N=6;x=6;]; [N=7;x=1;]; [N=7;x=2;]; [N=7;x=3;]; [N=7;x=4;]; [N=7;x=5;]; [N=7;x=6;]; [N=7;x=7;]; [N=8;x=1;]; [N=8;x=2;]; [N=8;x=3;]; [N=8;x=4;]; [N=8;x=5;]; [N=8;x=6;]; [N=8;x=7;]; [N=8;x=8;]; [N=9;x=1;]; [N=9;x=2;]; [N=9;x=3;]; [N=9;x=4;]; [N=9;x=5;]; [N=9;x=6;]; [N=9;x=7;]; [N=9;x=8;]; [N=10;x=1;]; [N=10;x=2;]; [N=10;x=3;]; [N=10;x=4;]; [N=10;x=5;]; [N=10;x=6;]; [N=10;x=7;]; [N=10;x=8;]; }
tests/03_concrete_assert/0306_loop_rel.c:7.4-15: { [x=0;N=1;]; [x=0;N=2;]; [x=1;N=2;]; [x=0;N=3;]; [x=1;N=3;]; [x=2;N=3;]; [x=0;N=4;]; [x=1;N=4;]; [x=2;N=4;]; [x=3;N=4;]; [x=0;N=5;]; [x=1;N=5;]; [x=2;N=5;]; [x=3;N=5;]; [x=4;N=5;]; [x=0;N=6;]; [x=1;N=6;]; [x=2;N=6;]; [x=3;N=6;]; [x=4;N=6;]; [x=5;N=6;]; [x=0;N=7;]; [x=1;N=7;]; [x=2;N=7;]; [x=3;N=7;]; [x=4;N=7;]; [x=5;N=7;]; [x=6;N=7;]; [x=0;N=8;]; [x=1;N=8;]; [x=2;N=8;]; [x=3;N=8;]; [x=4;N=8;]; [x=5;N=8;]; [x=6;N=8;]; [x=7;N=8;]; [x=0;N=9;]; [x=1;N=9;]; [x=2;N=9;]; [x=3;N=9;]; [x=4;N=9;]; [x=5;N=9;]; [x=6;N=9;]; [x=7;N=9;]; [x=8;N=9;]; [x=0;N=10;]; [x=1;N=10;]; [x=2;N=10;]; [x=3;N=10;]; [x=4;N=10;]; [x=5;N=10;]; [x=6;N=10;]; [x=7;N=10;]; [x=8;N=10;]; }
stat trace: tests/03_concrete_assert/0306_loop_rel.c:7.4-15: { [N=1;x=0;]; [N=2;x=0;]; [N=2;x=1;]; [N=3;x=0;]; [N=3;x=1;]; [N=3;x=2;]; [N=4;x=0;]; [N=4;x=1;]; [N=4;x=2;]; [N=4;x=3;]; [N=5;x=0;]; [N=5;x=1;]; [N=5;x=2;]; [N=5;x=3;]; [N=5;x=4;]; [N=6;x=0;]; [N=6;x=1;]; [N=6;x=2;]; [N=6;x=3;]; [N=6;x=4;]; [N=6;x=5;]; [N=7;x=0;]; [N=7;x=1;]; [N=7;x=2;]; [N=7;x=3;]; [N=7;x=4;]; [N=7;x=5;]; [N=7;x=6;]; [N=8;x=0;]; [N=8;x=1;]; [N=8;x=2;]; [N=8;x=3;]; [N=8;x=4;]; [N=8;x=5;]; [N=8;x=6;]; [N=8;x=7;]; [N=9;x=0;]; [N=9;x=1;]; [N=9;x=2;]; [N=9;x=3;]; [N=9;x=4;]; [N=9;x=5;]; [N=9;x=6;]; [N=9;x=7;]; [N=9;x=8;]; [N=10;x=0;]; [N=10;x=1;]; [N=10;x=2;]; [N=10;x=3;]; [N=10;x=4;]; [N=10;x=5;]; [N=10;x=6;]; [N=10;x=7;]; [N=10;x=8;]; }
stat trace: tests/03_concrete_assert/0306_loop_rel.c:8.4-14: { [N=1;x=1;]; [N=2;x=1;]; [N=2;x=2;]; [N=3;x=1;]; [N=3;x=2;]; [N=3;x=3;]; [N=4;x=1;]; [N=4;x=2;]; [N=4;x=3;]; [N=4;x=4;]; [N=5;x=1;]; [N=5;x=2;]; [N=5;x=3;]; [N=5;x=4;]; [N=5;x=5;]; [N=6;x=1;]; [N=6;x=2;]; [N=6;x=3;]; [N=6;x=4;]; [N=6;x=5;]; [N=6;x=6;]; [N=7;x=1;]; [N=7;x=2;]; [N=7;x=3;]; [N=7;x=4;]; [N=7;x=5;]; [N=7;x=6;]; [N=7;x=7;]; [N=8;x=1;]; [N=8;x=2;]; [N=8;x=3;]; [N=8;x=4;]; [N=8;x=5;]; [N=8;x=6;]; [N=8;x=7;]; [N=8;x=8;]; [N=9;x=1;]; [N=9;x=2;]; [N=9;x=3;]; [N=9;x=4;]; [N=9;x=5;]; [N=9;x=6;]; [N=9;x=7;]; [N=9;x=8;]; [N=9;x=9;]; [N=10;x=1;]; [N=10;x=2;]; [N=10;x=3;]; [N=10;x=4;]; [N=10;x=5;]; [N=10;x=6;]; [N=10;x=7;]; [N=10;x=8;]; [N=10;x=9;]; }
stat trace: tests/03_concrete_assert/0306_loop_rel.c:6.16-9.3: { [N=1;x=1;]; [N=2;x=1;]; [N=2;x=2;]; [N=3;x=1;]; [N=3;x=2;]; [N=3;x=3;]; [N=4;x=1;]; [N=4;x=2;]; [N=4;x=3;]; [N=4;x=4;]; [N=5;x=1;]; [N=5;x=2;]; [N=5;x=3;]; [N=5;x=4;]; [N=5;x=5;]; [N=6;x=1;]; [N=6;x=2;]; [N=6;x=3;]; [N=6;x=4;]; [N=6;x=5;]; [N=6;x=6;]; [N=7;x=1;]; [N=7;x=2;]; [N=7;x=3;]; [N=7;x=4;]; [N=7;x=5;]; [N=7;x=6;]; [N=7;x=7;]; [N=8;x=1;]; [N=8;x=2;]; [N=8;x=3;]; [N=8;x=4;]; [N=8;x=5;]; [N=8;x=6;]; [N=8;x=7;]; [N=8;x=8;]; [N=9;x=1;]; [N=9;x=2;]; [N=9;x=3;]; [N=9;x=4;]; [N=9;x=5;]; [N=9;x=6;]; [N=9;x=7;]; [N=9;x=8;]; [N=9;x=9;]; [N=10;x=1;]; [N=10;x=2;]; [N=10;x=3;]; [N=10;x=4;]; [N=10;x=5;]; [N=10;x=6;]; [N=10;x=7;]; [N=10;x=8;]; [N=10;x=9;]; }
tests/03_concrete_assert/0306_loop_rel.c:7.4-15: { [x=0;N=1;]; [x=0;N=2;]; [x=1;N=2;]; [x=0;N=3;]; [x=1;N=3;]; [x=2;N=3;]; [x=0;N=4;]; [x=1;N=4;]; [x=2;N=4;]; [x=3;N=4;]; [x=0;N=5;]; [x=1;N=5;]; [x=2;N=5;]; [x=3;N=5;]; [x=4;N=5;]; [x=0;N=6;]; [x=1;N=6;]; [x=2;N=6;]; [x=3;N=6;]; [x=4;N=6;]; [x=5;N=6;]; [x=0;N=7;]; [x=1;N=7;]; [x=2;N=7;]; [x=3;N=7;]; [x=4;N=7;]; [x=5;N=7;]; [x=6;N=7;]; [x=0;N=8;]; [x=1;N=8;]; [x=2;N=8;]; [x=3;N=8;]; [x=4;N=8;]; [x=5;N=8;]; [x=6;N=8;]; [x=7;N=8;]; [x=0;N=9;]; [x=1;N=9;]; [x=2;N=9;]; [x=3;N=9;]; [x=4;N=9;]; [x=5;N=9;]; [x=6;N=9;]; [x=7;N=9;]; [x=8;N=9;]; [x=0;N=10;]; [x=1;N=10;]; [x=2;N=10;]; [x=3;N=10;]; [x=4;N=10;]; [x=5;N=10;]; [x=6;N=10;]; [x=7;N=10;]; [x=8;N=10;]; [x=9;N=10;]; }
stat trace: tests/03_concrete_assert/0306_loop_rel.c:7.4-15: { [N=1;x=0;]; [N=2;x=0;]; [N=2;x=1;]; [N=3;x=0;]; [N=3;x=1;]; [N=3;x=2;]; [N=4;x=0;]; [N=4;x=1;]; [N=4;x=2;]; [N=4;x=3;]; [N=5;x=0;]; [N=5;x=1;]; [N=5;x=2;]; [N=5;x=3;]; [N=5;x=4;]; [N=6;x=0;]; [N=6;x=1;]; [N=6;x=2;]; [N=6;x=3;]; [N=6;x=4;]; [N=6;x=5;]; [N=7;x=0;]; [N=7;x=1;]; [N=7;x=2;]; [N=7;x=3;]; [N=7;x=4;]; [N=7;x=5;]; [N=7;x=6;]; [N=8;x=0;]; [N=8;x=1;]; [N=8;x=2;]; [N=8;x=3;]; [N=8;x=4;]; [N=8;x=5;]; [N=8;x=6;]; [N=8;x=7;]; [N=9;x=0;]; [N=9;x=1;]; [N=9;x=2;]; [N=9;x=3;]; [N=9;x=4;]; [N=9;x=5;]; [N=9;x=6;]; [N=9;x=7;]; [N=9;x=8;]; [N=10;x=0;]; [N=10;x=1;]; [N=10;x=2;]; [N=10;x=3;]; [N=10;x=4;]; [N=10;x=5;]; [N=10;x=6;]; [N=10;x=7;]; [N=10;x=8;]; [N=10;x=9;]; }
stat trace: tests/03_concrete_assert/0306_loop_rel.c:8.4-14: { [N=1;x=1;]; [N=2;x=1;]; [N=2;x=2;]; [N=3;x=1;]; [N=3;x=2;]; [N=3;x=3;]; [N=4;x=1;]; [N=4;x=2;]; [N=4;x=3;]; [N=4;x=4;]; [N=5;x=1;]; [N=5;x=2;]; [N=5;x=3;]; [N=5;x=4;]; [N=5;x=5;]; [N=6;x=1;]; [N=6;x=2;]; [N=6;x=3;]; [N=6;x=4;]; [N=6;x=5;]; [N=6;x=6;]; [N=7;x=1;]; [N=7;x=2;]; [N=7;x=3;]; [N=7;x=4;]; [N=7;x=5;]; [N=7;x=6;]; [N=7;x=7;]; [N=8;x=1;]; [N=8;x=2;]; [N=8;x=3;]; [N=8;x=4;]; [N=8;x=5;]; [N=8;x=6;]; [N=8;x=7;]; [N=8;x=8;]; [N=9;x=1;]; [N=9;x=2;]; [N=9;x=3;]; [N=9;x=4;]; [N=9;x=5;]; [N=9;x=6;]; [N=9;x=7;]; [N=9;x=8;]; [N=9;x=9;]; [N=10;x=1;]; [N=10;x=2;]; [N=10;x=3;]; [N=10;x=4;]; [N=10;x=5;]; [N=10;x=6;]; [N=10;x=7;]; [N=10;x=8;]; [N=10;x=9;]; [N=10;x=10;]; }
stat trace: tests/03_concrete_assert/0306_loop_rel.c:6.16-9.3: { [N=1;x=1;]; [N=2;x=1;]; [N=2;x=2;]; [N=3;x=1;]; [N=3;x=2;]; [N=3;x=3;]; [N=4;x=1;]; [N=4;x=2;]; [N=4;x=3;]; [N=4;x=4;]; [N=5;x=1;]; [N=5;x=2;]; [N=5;x=3;]; [N=5;x=4;]; [N=5;x=5;]; [N=6;x=1;]; [N=6;x=2;]; [N=6;x=3;]; [N=6;x=4;]; [N=6;x=5;]; [N=6;x=6;]; [N=7;x=1;]; [N=7;x=2;]; [N=7;x=3;]; [N=7;x=4;]; [N=7;x=5;]; [N=7;x=6;]; [N=7;x=7;]; [N=8;x=1;]; [N=8;x=2;]; [N=8;x=3;]; [N=8;x=4;]; [N=8;x=5;]; [N=8;x=6;]; [N=8;x=7;]; [N=8;x=8;]; [N=9;x=1;]; [N=9;x=2;]; [N=9;x=3;]; [N=9;x=4;]; [N=9;x=5;]; [N=9;x=6;]; [N=9;x=7;]; [N=9;x=8;]; [N=9;x=9;]; [N=10;x=1;]; [N=10;x=2;]; [N=10;x=3;]; [N=10;x=4;]; [N=10;x=5;]; [N=10;x=6;]; [N=10;x=7;]; [N=10;x=8;]; [N=10;x=9;]; [N=10;x=10;]; }
tests/03_concrete_assert/0306_loop_rel.c:7.4-15: { [x=0;N=1;]; [x=0;N=2;]; [x=1;N=2;]; [x=0;N=3;]; [x=1;N=3;]; [x=2;N=3;]; [x=0;N=4;]; [x=1;N=4;]; [x=2;N=4;]; [x=3;N=4;]; [x=0;N=5;]; [x=1;N=5;]; [x=2;N=5;]; [x=3;N=5;]; [x=4;N=5;]; [x=0;N=6;]; [x=1;N=6;]; [x=2;N=6;]; [x=3;N=6;]; [x=4;N=6;]; [x=5;N=6;]; [x=0;N=7;]; [x=1;N=7;]; [x=2;N=7;]; [x=3;N=7;]; [x=4;N=7;]; [x=5;N=7;]; [x=6;N=7;]; [x=0;N=8;]; [x=1;N=8;]; [x=2;N=8;]; [x=3;N=8;]; [x=4;N=8;]; [x=5;N=8;]; [x=6;N=8;]; [x=7;N=8;]; [x=0;N=9;]; [x=1;N=9;]; [x=2;N=9;]; [x=3;N=9;]; [x=4;N=9;]; [x=5;N=9;]; [x=6;N=9;]; [x=7;N=9;]; [x=8;N=9;]; [x=0;N=10;]; [x=1;N=10;]; [x=2;N=10;]; [x=3;N=10;]; [x=4;N=10;]; [x=5;N=10;]; [x=6;N=10;]; [x=7;N=10;]; [x=8;N=10;]; [x=9;N=10;]; }
stat trace: tests/03_concrete_assert/0306_loop_rel.c:7.4-15: { [N=1;x=0;]; [N=2;x=0;]; [N=2;x=1;]; [N=3;x=0;]; [N=3;x=1;]; [N=3;x=2;]; [N=4;x=0;]; [N=4;x=1;]; [N=4;x=2;]; [N=4;x=3;]; [N=5;x=0;]; [N=5;x=1;]; [N=5;x=2;]; [N=5;x=3;]; [N=5;x=4;]; [N=6;x=0;]; [N=6;x=1;]; [N=6;x=2;]; [N=6;x=3;]; [N=6;x=4;]; [N=6;x=5;]; [N=7;x=0;]; [N=7;x=1;]; [N=7;x=2;]; [N=7;x=3;]; [N=7;x=4;]; [N=7;x=5;]; [N=7;x=6;]; [N=8;x=0;]; [N=8;x=1;]; [N=8;x=2;]; [N=8;x=3;]; [N=8;x=4;]; [N=8;x=5;]; [N=8;x=6;]; [N=8;x=7;]; [N=9;x=0;]; [N=9;x=1;]; [N=9;x=2;]; [N=9;x=3;]; [N=9;x=4;]; [N=9;x=5;]; [N=9;x=6;]; [N=9;x=7;]; [N=9;x=8;]; [N=10;x=0;]; [N=10;x=1;]; [N=10;x=2;]; [N=10;x=3;]; [N=10;x=4;]; [N=10;x=5;]; [N=10;x=6;]; [N=10;x=7;]; [N=10;x=8;]; [N=10;x=9;]; }
stat trace: tests/03_concrete_assert/0306_loop_rel.c:8.4-14: { [N=1;x=1;]; [N=2;x=1;]; [N=2;x=2;]; [N=3;x=1;]; [N=3;x=2;]; [N=3;x=3;]; [N=4;x=1;]; [N=4;x=2;]; [N=4;x=3;]; [N=4;x=4;]; [N=5;x=1;]; [N=5;x=2;]; [N=5;x=3;]; [N=5;x=4;]; [N=5;x=5;]; [N=6;x=1;]; [N=6;x=2;]; [N=6;x=3;]; [N=6;x=4;]; [N=6;x=5;]; [N=6;x=6;]; [N=7;x=1;]; [N=7;x=2;]; [N=7;x=3;]; [N=7;x=4;]; [N=7;x=5;]; [N=7;x=6;]; [N=7;x=7;]; [N=8;x=1;]; [N=8;x=2;]; [N=8;x=3;]; [N=8;x=4;]; [N=8;x=5;]; [N=8;x=6;]; [N=8;x=7;]; [N=8;x=8;]; [N=9;x=1;]; [N=9;x=2;]; [N=9;x=3;]; [N=9;x=4;]; [N=9;x=5;]; [N=9;x=6;]; [N=9;x=7;]; [N=9;x=8;]; [N=9;x=9;]; [N=10;x=1;]; [N=10;x=2;]; [N=10;x=3;]; [N=10;x=4;]; [N=10;x=5;]; [N=10;x=6;]; [N=10;x=7;]; [N=10;x=8;]; [N=10;x=9;]; [N=10;x=10;]; }
stat trace: tests/03_concrete_assert/0306_loop_rel.c:6.16-9.3: { [N=1;x=1;]; [N=2;x=1;]; [N=2;x=2;]; [N=3;x=1;]; [N=3;x=2;]; [N=3;x=3;]; [N=4;x=1;]; [N=4;x=2;]; [N=4;x=3;]; [N=4;x=4;]; [N=5;x=1;]; [N=5;x=2;]; [N=5;x=3;]; [N=5;x=4;]; [N=5;x=5;]; [N=6;x=1;]; [N=6;x=2;]; [N=6;x=3;]; [N=6;x=4;]; [N=6;x=5;]; [N=6;x=6;]; [N=7;x=1;]; [N=7;x=2;]; [N=7;x=3;]; [N=7;x=4;]; [N=7;x=5;]; [N=7;x=6;]; [N=7;x=7;]; [N=8;x=1;]; [N=8;x=2;]; [N=8;x=3;]; [N=8;x=4;]; [N=8;x=5;]; [N=8;x=6;]; [N=8;x=7;]; [N=8;x=8;]; [N=9;x=1;]; [N=9;x=2;]; [N=9;x=3;]; [N=9;x=4;]; [N=9;x=5;]; [N=9;x=6;]; [N=9;x=7;]; [N=9;x=8;]; [N=9;x=9;]; [N=10;x=1;]; [N=10;x=2;]; [N=10;x=3;]; [N=10;x=4;]; [N=10;x=5;]; [N=10;x=6;]; [N=10;x=7;]; [N=10;x=8;]; [N=10;x=9;]; [N=10;x=10;]; }
stat trace: tests/03_concrete_assert/0306_loop_rel.c:6.2-9.3: { [N=0;x=0;]; [N=1;x=1;]; [N=2;x=2;]; [N=3;x=3;]; [N=4;x=4;]; [N=5;x=5;]; [N=6;x=6;]; [N=7;x=7;]; [N=8;x=8;]; [N=9;x=9;]; [N=10;x=10;]; }
stat trace: tests/03_concrete_assert/0306_loop_rel.c:10.2-15: { [N=0;x=0;]; [N=1;x=1;]; [N=2;x=2;]; [N=3;x=3;]; [N=4;x=4;]; [N=5;x=5;]; [N=6;x=6;]; [N=7;x=7;]; [N=8;x=8;]; [N=9;x=9;]; [N=10;x=10;]; }
stat trace: tests/03_concrete_assert/0306_loop_rel.c:1.0-11.1: { []; }
analysis ended
