tests/03_concrete_assert/0306_loop_rel.c:7.4-15: { [x=0;N=1;]; [x=0;N=2;]; [x=0;N=3;]; [x=0;N=4;]; [x=0;N=5;]; [x=0;N=6;]; [x=0;N=7;]; [x=0;N=8;]; [x=0;N=9;]; [x=0;N=10;]; }
tests/03_concrete_assert/0306_loop_rel.c:7.4-15: { [x=0;N=1;]; [x=0;N=2;]; [x=1;N=2;]; [x=0;N=3;]; [x=1;N=3;]; [x=0;N=4;]; [x=1;N=4;]; [x=0;N=5;]; [x=1;N=5;]; [x=0;N=6;]; [x=1;N=6;]; [x=0;N=7;]; [x=1;N=7;]; [x=0;N=8;]; [x=1;N=8;]; [x=0;N=9;]; [x=1;N=9;]; [x=0;N=10;]; [x=1;N=10;]; }
tests/03_concrete_assert/0306_loop_rel.c:7.4-15: { [x=0;N=1;]; [x=0;N=2;]; [x=1;N=2;]; [x=0;N=3;]; [x=1;N=3;]; [x=2;N=3;]; [x=0;N=4;]; [x=1;N=4;]; [x=2;N=4;]; [x=0;N=5;]; [x=1;N=5;]; [x=2;N=5;]; [x=0;N=6;]; [x=1;N=6;]; [x=2;N=6;]; [x=0;N=7;]; [x=1;N=7;]; [x=2;N=7;]; [x=0;N=8;]; [x=1;N=8;]; [x=2;N=8;]; [x=0;N=9;]; [x=1;N=9;]; [x=2;N=9;]; [x=0;N=10;]; [x=1;N=10;]; [x=2;N=10;]; }
tests/03_concrete_assert/0306_loop_rel.c:7.4-15: { [x=0;N=1;]; [x=0;N=2;]; [x=1;N=2;]; [x=0;N=3;]; [x=1;N=3;]; [x=2;N=3;]; [x=0;N=4;]; [x=1;N=4;]; [x=2;N=4;]; [x=3;N=4;]; [x=0;N=5;]; [x=1;N=5;]; [x=2;N=5;]; [x=3;N=5;]; [x=0;N=6;]; [x=1;N=6;]; [x=2;N=6;]; [x=3;N=6;]; [x=0;N=7;]; [x=1;N=7;]; [x=2;N=7;]; [x=3;N=7;]; [x=0;N=8;]; [x=1;N=8;]; [x=2;N=8;]; [x=3;N=8;]; [x=0;N=9;]; [x=1;N=9;]; [x=2;N=9;]; [x=3;N=9;]; [x=0;N=10;]; [x=1;N=10;]; [x=2;N=10;]; [x=3;N=10;]; }
tests/03_concrete_assert/0306_loop_rel.c:7.4-15: { [x=0;N=1;]; [x=0;N=2;]; [x=1;N=2;]; [x=0;N=3;]; [x=1;N=3;]; [x=2;N=3;]; [x=0;N=4;]; [x=1;N=4;]; [x=2;N=4;]; [x=3;N=4;]; [x=0;N=5;]; [x=1;N=5;]; [x=2;N=5;]; [x=3;N=5;]; [x=4;N=5;]; [x=0;N=6;]; [x=1;N=6;]; [x=2;N=6;]; [x=3;N=6;]; [x=4;N=6;]; [x=0;N=7;]; [x=1;N=7;]; [x=2;N=7;]; [x=3;N=7;]; [x=4;N=7;]; [x=0;N=8;]; [x=1;N=8;]; [x=2;N=8;]; [x=3;N=8;]; [x=4;N=8;]; [x=0;N=9;]; [x=1;N=9;]; [x=2;N=9;]; [x=3;N=9;]; [x=4;N=9;]; [x=0;N=10;]; [x=1;N=10;]; [x=2;N=10;]; [x=3;N=10;]; [x=4;N=10;]; }
tests/03_concrete_assert/0306_loop_rel.c:7.4-15: { [x=0;N=1;]; [x=0;N=2;]; [x=1;N=2;]; [x=0;N=3;]; [x=1;N=3;]; [x=2;N=3;]; [x=0;N=4;]; [x=1;N=4;]; [x=2;N=4;]; [x=3;N=4;]; [x=0;N=5;]; [x=1;N=5;]; [x=2;N=5;]; [x=3;N=5;]; [x=4;N=5;]; [x=0;N=6;]; [x=1;N=6;]; [x=2;N=6;]; [x=3;N=6;]; [x=4;N=6;]; [x=5;N=6;]; [x=0;N=7;]; [x=1;N=7;]; [x=2;N=7;]; [x=3;N=7;]; [x=4;N=7;]; [x=5;N=7;]; [x=0;N=8;]; [x=1;N=8;]; [x=2;N=8;]; [x=3;N=8;]; [x=4;N=8;]; [x=5;N=8;]; [x=0;N=9;]; [x=1;N=9;]; [x=2;N=9;]; [x=3;N=9;]; [x=4;N=9;]; [x=5;N=9;]; [x=0;N=10;]; [x=1;N=10;]; [x=2;N=10;]; [x=3;N=10;]; [x=4;N=10;]; [x=5;N=10;]; }
tests/03_concrete_assert/0306_loop_rel.c:7.4-15: { [x=0;N=1;]; [x=0;N=2;]; [x=1;N=2;]; [x=0;N=3;]; [x=1;N=3;]; [x=2;N=3;]; [x=0;N=4;]; [x=1;N=4;]; [x=2;N=4;]; [x=3;N=4;]; [x=0;N=5;]; [x=1;N=5;]; [x=2;N=5;]; [x=3;N=5;]; [x=4;N=5;]; [x=0;N=6;]; [x=1;N=6;]; [x=2;N=6;]; [x=3;N=6;]; [x=4;N=6;]; [x=5;N=6;]; [x=0;N=7;]; [x=1;N=7;]; [x=2;N=7;]; [x=3;N=7;]; [x=4;N=7;]; [x=5;N=7;]; [x=6;N=7;]; [x=0;N=8;]; [x=1;N=8;]; [x=2;N=8;]; [x=3;N=8;]; [x=4;N=8;]; [x=5;N=8;]; [x=6;N=8;]; [x=0;N=9;]; [x=1;N=9;]; [x=2;N=9;]; [x=3;N=9;]; [x=4;N=9;]; [x=5;N=9;]; [x=6;N=9;]; [x=0;N=10;]; [x=1;N=10;]; [x=2;N=10;]; [x=3;N=10;]; [x=4;N=10;]; [x=5;N=10;]; [x=6;N=10;]; }
tests/03_concrete_assert/0306_loop_rel.c:7.4-15: { [x=0;N=1;]; [x=0;N=2;]; [x=1;N=2;]; [x=0;N=3;]; [x=1;N=3;]; [x=2;N=3;]; [x=0;N=4;]; [x=1;N=4;]; [x=2;N=4;]; [x=3;N=4;]; [x=0;N=5;]; [x=1;N=5;]; [x=2;N=5;]; [x=3;N=5;]; [x=4;N=5;]; [x=0;N=6;]; [x=1;N=6;]; [x=2;N=6;]; [x=3;N=6;]; [x=4;N=6;]; [x=5;N=6;]; [x=0;N=7;]; [x=1;N=7;]; [x=2;N=7;]; [x=3;N=7;]; [x=4;N=7;]; [x=5;N=7;]; [x=6;N=7;]; [x=0;N=8;]; [x=1;N=8;]; [x=2;N=8;]; [x=3;N=8;]; [x=4;N=8;]; [x=5;N=8;]; [x=6;N=8;]; [x=7;N=8;]; [x=0;N=9;]; [x=1;N=9;]; [x=2;N=9;]; [x=3;N=9;]; [x=4;N=9;]; [x=5;N=9;]; [x=6;N=9;]; [x=7;N=9;]; [x=0;N=10;]; [x=1;N=10;]; [x=2;N=10;]; [x=3;N=10;]; [x=4;N=10;]; [x=5;N=10;]; [x=6;N=10;]; [x=7;N=10;]; }
tests/03_concrete_assert/0306_loop_rel.c:7.4-15: { [x=0;N=1;]; [x=0;N=2;]; [x=1;N=2;]; [x=0;N=3;]; [x=1;N=3;]; [x=2;N=3;]; [x=0;N=4;]; [x=1;N=4;]; [x=2;N=4;]; [x=3;N=4;]; [x=0;N=5;]; [x=1;N=5;]; [x=2;N=5;]; [x=3;N=5;]; [x=4;N=5;]; [x=0;N=6;]; [x=1;N=6;]; [x=2;N=6;]; [x=3;N=6;]; [x=4;N=6;]; [x=5;N=6;]; [x=0;N=7;]; [x=1;N=7;]; [x=2;N=7;]; [x=3;N=7;]; [x=4;N=7;]; [x=5;N=7;]; [x=6;N=7;]; [x=0;N=8;]; [x=1;N=8;]; [x=2;N=8;]; [x=3;N=8;]; [x=4;N=8;]; [x=5;N=8;]; [x=6;N=8;]; [x=7;N=8;]; [x=0;N=9;]; [x=1;N=9;]; [x=2;N=9;]; [x=3;N=9;]; [x=4;N=9;]; [x=5;N=9;]; [x=6;N=9;]; [x=7;N=9;]; [x=8;N=9;]; [x=0;N=10;]; [x=1;N=10;]; [x=2;N=10;]; [x=3;N=10;]; [x=4;N=10;]; [x=5;N=10;]; [x=6;N=10;]; [x=7;N=10;]; [x=8;N=10;]; }
tests/03_concrete_assert/0306_loop_rel.c:7.4-15: { [x=0;N=1;]; [x=0;N=2;]; [x=1;N=2;]; [x=0;N=3;]; [x=1;N=3;]; [x=2;N=3;]; [x=0;N=4;]; [x=1;N=4;]; [x=2;N=4;]; [x=3;N=4;]; [x=0;N=5;]; [x=1;N=5;]; [x=2;N=5;]; [x=3;N=5;]; [x=4;N=5;]; [x=0;N=6;]; [x=1;N=6;]; [x=2;N=6;]; [x=3;N=6;]; [x=4;N=6;]; [x=5;N=6;]; [x=0;N=7;]; [x=1;N=7;]; [x=2;N=7;]; [x=3;N=7;]; [x=4;N=7;]; [x=5;N=7;]; [x=6;N=7;]; [x=0;N=8;]; [x=1;N=8;]; [x=2;N=8;]; [x=3;N=8;]; [x=4;N=8;]; [x=5;N=8;]; [x=6;N=8;]; [x=7;N=8;]; [x=0;N=9;]; [x=1;N=9;]; [x=2;N=9;]; [x=3;N=9;]; [x=4;N=9;]; [x=5;N=9;]; [x=6;N=9;]; [x=7;N=9;]; [x=8;N=9;]; [x=0;N=10;]; [x=1;N=10;]; [x=2;N=10;]; [x=3;N=10;]; [x=4;N=10;]; [x=5;N=10;]; [x=6;N=10;]; [x=7;N=10;]; [x=8;N=10;]; [x=9;N=10;]; }
tests/03_concrete_assert/0306_loop_rel.c:7.4-15: { [x=0;N=1;]; [x=0;N=2;]; [x=1;N=2;]; [x=0;N=3;]; [x=1;N=3;]; [x=2;N=3;]; [x=0;N=4;]; [x=1;N=4;]; [x=2;N=4;]; [x=3;N=4;]; [x=0;N=5;]; [x=1;N=5;]; [x=2;N=5;]; [x=3;N=5;]; [x=4;N=5;]; [x=0;N=6;]; [x=1;N=6;]; [x=2;N=6;]; [x=3;N=6;]; [x=4;N=6;]; [x=5;N=6;]; [x=0;N=7;]; [x=1;N=7;]; [x=2;N=7;]; [x=3;N=7;]; [x=4;N=7;]; [x=5;N=7;]; [x=6;N=7;]; [x=0;N=8;]; [x=1;N=8;]; [x=2;N=8;]; [x=3;N=8;]; [x=4;N=8;]; [x=5;N=8;]; [x=6;N=8;]; [x=7;N=8;]; [x=0;N=9;]; [x=1;N=9;]; [x=2;N=9;]; [x=3;N=9;]; [x=4;N=9;]; [x=5;N=9;]; [x=6;N=9;]; [x=7;N=9;]; [x=8;N=9;]; [x=0;N=10;]; [x=1;N=10;]; [x=2;N=10;]; [x=3;N=10;]; [x=4;N=10;]; [x=5;N=10;]; [x=6;N=10;]; [x=7;N=10;]; [x=8;N=10;]; [x=9;N=10;]; }
analysis ended
