tests/03_concrete_assert/0310_heap.c:73.2-12: { [I=0;J=0;L=1;N=1;R=0;]; [I=1;J=2;L=1;N=2;R=1;]; [I=1;J=2;L=1;N=3;R=1;]; [I=1;J=2;L=1;N=4;R=1;]; [I=1;J=2;L=1;N=5;R=1;]; [I=1;J=2;L=1;N=6;R=1;]; [I=1;J=2;L=1;N=7;R=1;]; [I=1;J=2;L=1;N=8;R=1;]; [I=1;J=2;L=1;N=9;R=1;]; [I=1;J=2;L=1;N=10;R=1;]; [I=2;J=4;L=1;N=2;R=1;]; [I=2;J=4;L=1;N=3;R=1;]; [I=2;J=4;L=1;N=4;R=1;]; [I=2;J=4;L=1;N=5;R=1;]; [I=2;J=4;L=1;N=6;R=1;]; [I=2;J=4;L=1;N=7;R=1;]; [I=2;J=4;L=1;N=8;R=1;]; [I=2;J=4;L=1;N=9;R=1;]; [I=2;J=4;L=1;N=10;R=1;]; }
analysis ended
