-- DEBUG: const 0 ~> [0;0]
tests/10_interval/0108_noinit.c:3.2-11: [ x in [0;0] ]
stat trace: tests/10_interval/0108_noinit.c:3.2-11: [ x in [0;0] ]
-- DEBUG: const 2 ~> [2;2]
-- DEBUG: is_bottom [2;2] ~> false
stat trace: tests/10_interval/0108_noinit.c:4.2-8: [ x in [2;2] ]
tests/10_interval/0108_noinit.c:5.2-11: [ x in [2;2] ]
stat trace: tests/10_interval/0108_noinit.c:5.2-11: [ x in [2;2] ]
stat trace: tests/10_interval/0108_noinit.c:1.0-6.1: [ ]
analysis ended
