-- DEBUG: const 0 ~> [0;0]
-- DEBUG: const 5 ~> [5;5]
-- DEBUG: const 8 ~> [8;8]
-- DEBUG: [5;5] * [8;8] ~> [40;40]
-- DEBUG: is_bottom [40;40] ~> false
stat trace: tests/10_interval/0120_mul.c:3.2-12: [ x in [40;40] ]
tests/10_interval/0120_mul.c:4.2-11: [ x in [40;40] ]
stat trace: tests/10_interval/0120_mul.c:4.2-11: [ x in [40;40] ]
stat trace: tests/10_interval/0120_mul.c:1.0-5.1: [ ]
analysis ended
