-- DEBUG: const 0 ~> [0;0]
-- DEBUG: rand -1 1 ~> [-1;1]
-- DEBUG: rand 10 15 ~> [10;15]
-- DEBUG: [-1;1] * [10;15] ~> [-15;15]
-- DEBUG: is_bottom [-15;15] ~> false
stat trace: tests/10_interval/0123_mul_rand.c:3.2-32: [ x in [-15;15] ]
tests/10_interval/0123_mul_rand.c:4.2-11: [ x in [-15;15] ]
stat trace: tests/10_interval/0123_mul_rand.c:4.2-11: [ x in [-15;15] ]
stat trace: tests/10_interval/0123_mul_rand.c:1.0-5.1: [ ]
analysis ended
