-- DEBUG: const 0 ~> [0;0]
-- DEBUG: const 15 ~> [15;15]
-- DEBUG: const 3 ~> [3;3]
-- DEBUG: [15;15] / [3;3] ~> [5;5]
-- DEBUG: is_bottom [5;5] ~> false
stat trace: tests/10_interval/0127_div.c:3.2-13: [ x in [5;5] ]
tests/10_interval/0127_div.c:4.2-11: [ x in [5;5] ]
stat trace: tests/10_interval/0127_div.c:4.2-11: [ x in [5;5] ]
stat trace: tests/10_interval/0127_div.c:1.0-5.1: [ ]
analysis ended
