-- DEBUG: const 0 ~> [0;0]
-- DEBUG: rand 100 105 ~> [100;105]
-- DEBUG: rand 2 4 ~> [2;4]
-- DEBUG: [100;105] / [2;4] ~> [25;52]
-- DEBUG: is_bottom [25;52] ~> false
stat trace: tests/10_interval/0128_div.c:3.2-32: [ x in [25;52] ]
tests/10_interval/0128_div.c:4.2-11: [ x in [25;52] ]
stat trace: tests/10_interval/0128_div.c:4.2-11: [ x in [25;52] ]
stat trace: tests/10_interval/0128_div.c:1.0-5.1: [ ]
analysis ended
