-- DEBUG: const 0 ~> [0;0]
-- DEBUG: rand -2 5 ~> [-2;5]
-- DEBUG: is_bottom [-2;5] ~> false
stat trace: tests/10_interval/0140_if_var.c:3.2-17: [ x in [-2;5] ]
-- DEBUG: const 2 ~> [2;2]
-- DEBUG: [-2;5] < [2;2] ~> [-2;1], [2;2]
-- DEBUG: [-2;5] ⊓ [-2;1] ~> [-2;1]
-- DEBUG: is_bottom [-2;1] ~> false
-- DEBUG: [2;2] ⊓ [2;2] ~> [2;2]
-- DEBUG: is_bottom [2;2] ~> false
-- DEBUG: - [-2;1] ~> [-1;2]
-- DEBUG: is_bottom [-1;2] ~> false
stat trace: tests/10_interval/0140_if_var.c:4.13-20: [ x in [-1;2] ]
-- DEBUG: const 2 ~> [2;2]
-- DEBUG: [-2;5] >= [2;2] ~> [2;5], [2;2]
-- DEBUG: [-2;5] ⊓ [2;5] ~> [2;5]
-- DEBUG: is_bottom [2;5] ~> false
-- DEBUG: [2;2] ⊓ [2;2] ~> [2;2]
-- DEBUG: is_bottom [2;2] ~> false
-- DEBUG: [-1;2] ⊔ [2;5] ~> [-1;5]
stat trace: tests/10_interval/0140_if_var.c:4.2-20: [ x in [-1;5] ]
tests/10_interval/0140_if_var.c:5.2-11: [ x in [-1;5] ]
stat trace: tests/10_interval/0140_if_var.c:5.2-11: [ x in [-1;5] ]
stat trace: tests/10_interval/0140_if_var.c:1.0-6.1: [ ]
analysis ended
