-- DEBUG: const 0 ~> [0;0]
-- DEBUG: const 0 ~> [0;0]
-- DEBUG: rand 15 18 ~> [15;18]
-- DEBUG: is_bottom [15;18] ~> false
stat trace: tests/10_interval/0147_cmp_eq.c:4.2-18: [ x in [15;18], y in [0;0] ]
-- DEBUG: rand 13 17 ~> [13;17]
-- DEBUG: is_bottom [13;17] ~> false
stat trace: tests/10_interval/0147_cmp_eq.c:5.2-18: [ x in [15;18], y in [13;17] ]
-- DEBUG: [15;18] == [13;17] ~> [15;17], [15;17]
-- DEBUG: [15;18] ⊓ [15;17] ~> [15;17]
-- DEBUG: is_bottom [15;17] ~> false
-- DEBUG: [13;17] ⊓ [15;17] ~> [15;17]
-- DEBUG: is_bottom [15;17] ~> false
tests/10_interval/0147_cmp_eq.c:6.14-25: [ x in [15;17], y in [15;17] ]
stat trace: tests/10_interval/0147_cmp_eq.c:6.14-25: [ x in [15;17], y in [15;17] ]
-- DEBUG: [15;18] != [13;17] ~> [15;18], [13;17]
-- DEBUG: [15;18] ⊓ [15;18] ~> [15;18]
-- DEBUG: is_bottom [15;18] ~> false
-- DEBUG: [13;17] ⊓ [13;17] ~> [13;17]
-- DEBUG: is_bottom [13;17] ~> false
-- DEBUG: [15;17] ⊔ [15;18] ~> [15;18]
-- DEBUG: [15;17] ⊔ [13;17] ~> [13;17]
stat trace: tests/10_interval/0147_cmp_eq.c:6.2-25: [ x in [15;18], y in [13;17] ]
stat trace: tests/10_interval/0147_cmp_eq.c:1.0-7.1: [ ]
analysis ended
