-- DEBUG: const 0 ~> [0;0]
-- DEBUG: const 0 ~> [0;0]
-- DEBUG: rand 10 13 ~> [10;13]
-- DEBUG: is_bottom [10;13] ~> false
stat trace: tests/10_interval/0149_cmp_ne.c:4.2-18: [ x in [10;13], y in [0;0] ]
-- DEBUG: rand 10 13 ~> [10;13]
-- DEBUG: is_bottom [10;13] ~> false
stat trace: tests/10_interval/0149_cmp_ne.c:5.2-18: [ x in [10;13], y in [10;13] ]
-- DEBUG: [10;13] != [10;13] ~> [10;13], [10;13]
-- DEBUG: [10;13] ⊓ [10;13] ~> [10;13]
-- DEBUG: is_bottom [10;13] ~> false
-- DEBUG: [10;13] ⊓ [10;13] ~> [10;13]
-- DEBUG: is_bottom [10;13] ~> false
tests/10_interval/0149_cmp_ne.c:6.14-25: [ x in [10;13], y in [10;13] ]
stat trace: tests/10_interval/0149_cmp_ne.c:6.14-25: [ x in [10;13], y in [10;13] ]
-- DEBUG: [10;13] == [10;13] ~> [10;13], [10;13]
-- DEBUG: [10;13] ⊓ [10;13] ~> [10;13]
-- DEBUG: is_bottom [10;13] ~> false
-- DEBUG: [10;13] ⊓ [10;13] ~> [10;13]
-- DEBUG: is_bottom [10;13] ~> false
-- DEBUG: [10;13] ⊔ [10;13] ~> [10;13]
-- DEBUG: [10;13] ⊔ [10;13] ~> [10;13]
stat trace: tests/10_interval/0149_cmp_ne.c:6.2-25: [ x in [10;13], y in [10;13] ]
stat trace: tests/10_interval/0149_cmp_ne.c:1.0-7.1: [ ]
analysis ended
