-- DEBUG: const 0 ~> [0;0]
-- DEBUG: const 0 ~> [0;0]
-- DEBUG: rand 10 15 ~> [10;15]
-- DEBUG: is_bottom [10;15] ~> false
stat trace: tests/10_interval/0151_cmp_eq_ne.c:4.2-18: [ x in [10;15], y in [0;0] ]
-- DEBUG: const 10 ~> [10;10]
-- DEBUG: is_bottom [10;10] ~> false
stat trace: tests/10_interval/0151_cmp_eq_ne.c:5.2-9: [ x in [10;15], y in [10;10] ]
-- DEBUG: [10;15] == [10;10] ~> [10;10], [10;10]
-- DEBUG: [10;15] ⊓ [10;10] ~> [10;10]
-- DEBUG: is_bottom [10;10] ~> false
-- DEBUG: [10;10] ⊓ [10;10] ~> [10;10]
-- DEBUG: is_bottom [10;10] ~> false
tests/10_interval/0151_cmp_eq_ne.c:6.14-25: [ x in [10;10], y in [10;10] ]
stat trace: tests/10_interval/0151_cmp_eq_ne.c:6.14-25: [ x in [10;10], y in [10;10] ]
-- DEBUG: [10;15] != [10;10] ~> [11;15], [10;10]
-- DEBUG: [10;15] ⊓ [11;15] ~> [11;15]
-- DEBUG: is_bottom [11;15] ~> false
-- DEBUG: [10;10] ⊓ [10;10] ~> [10;10]
-- DEBUG: is_bottom [10;10] ~> false
tests/10_interval/0151_cmp_eq_ne.c:7.7-18: [ x in [11;15], y in [10;10] ]
stat trace: tests/10_interval/0151_cmp_eq_ne.c:7.7-18: [ x in [11;15], y in [10;10] ]
-- DEBUG: [10;10] ⊔ [11;15] ~> [10;15]
-- DEBUG: [10;10] ⊔ [10;10] ~> [10;10]
stat trace: tests/10_interval/0151_cmp_eq_ne.c:6.2-7.18: [ x in [10;15], y in [10;10] ]
stat trace: tests/10_interval/0151_cmp_eq_ne.c:1.0-8.1: [ ]
analysis ended
