-- DEBUG: const 0 ~> [0;0]
-- DEBUG: const 0 ~> [0;0]
-- DEBUG: rand 12 18 ~> [12;18]
-- DEBUG: is_bottom [12;18] ~> false
stat trace: tests/10_interval/0152_cmp_rel.c:4.2-18: [ x in [12;18], y in [0;0] ]
-- DEBUG: is_bottom [12;18] ~> false
stat trace: tests/10_interval/0152_cmp_rel.c:5.2-8: [ x in [12;18], y in [12;18] ]
-- DEBUG: const 15 ~> [15;15]
-- DEBUG: [12;18] >= [15;15] ~> [15;18], [15;15]
-- DEBUG: [12;18] ⊓ [15;18] ~> [15;18]
-- DEBUG: is_bottom [15;18] ~> false
-- DEBUG: [15;15] ⊓ [15;15] ~> [15;15]
-- DEBUG: is_bottom [15;15] ~> false
tests/10_interval/0152_cmp_rel.c:6.17-26: [ y in [12;18] ]
stat trace: tests/10_interval/0152_cmp_rel.c:6.17-26: [ x in [15;18], y in [12;18] ]
stat trace: tests/10_interval/0152_cmp_rel.c:6.15-28: [ x in [15;18], y in [12;18] ]
-- DEBUG: const 15 ~> [15;15]
-- DEBUG: [12;18] < [15;15] ~> [12;14], [15;15]
-- DEBUG: [12;18] ⊓ [12;14] ~> [12;14]
-- DEBUG: is_bottom [12;14] ~> false
-- DEBUG: [15;15] ⊓ [15;15] ~> [15;15]
-- DEBUG: is_bottom [15;15] ~> false
-- DEBUG: [15;18] ⊔ [12;14] ~> [12;18]
stat trace: tests/10_interval/0152_cmp_rel.c:6.2-28: [ x in [12;18], y in [12;18] ]
stat trace: tests/10_interval/0152_cmp_rel.c:1.0-7.1: [ ]
analysis ended
