-- DEBUG: const 0 ~> [0;0]
-- DEBUG: rand -3 5 ~> [-3;5]
-- DEBUG: is_bottom [-3;5] ~> false
stat trace: tests/10_interval/0303_assert_both.c:3.2-18: [ x in [-3;5] ]
-- DEBUG: const 0 ~> [0;0]
-- DEBUG: [-3;5] <= [0;0] ~> [-3;0], [0;0]
-- DEBUG: [-3;5] ⊓ [-3;0] ~> [-3;0]
-- DEBUG: is_bottom [-3;0] ~> false
-- DEBUG: [0;0] ⊓ [0;0] ~> [0;0]
-- DEBUG: is_bottom [0;0] ~> false
tests/10_interval/0303_assert_both.c:4.2-16: ERROR: assertion failure
-- DEBUG: const 0 ~> [0;0]
-- DEBUG: [-3;5] > [0;0] ~> [1;5], [0;0]
-- DEBUG: [-3;5] ⊓ [1;5] ~> [1;5]
-- DEBUG: is_bottom [1;5] ~> false
-- DEBUG: [0;0] ⊓ [0;0] ~> [0;0]
-- DEBUG: is_bottom [0;0] ~> false
stat trace: tests/10_interval/0303_assert_both.c:4.2-16: [ x in [1;5] ]
-- DEBUG: const 0 ~> [0;0]
-- DEBUG: [1;5] < [0;0] ~> ⊥, ⊥
-- DEBUG: [1;5] ⊓ ⊥ ~> ⊥
-- DEBUG: is_bottom ⊥ ~> true
-- DEBUG: const 0 ~> [0;0]
-- DEBUG: [1;5] >= [0;0] ~> [1;5], [0;0]
-- DEBUG: [1;5] ⊓ [1;5] ~> [1;5]
-- DEBUG: is_bottom [1;5] ~> false
-- DEBUG: [0;0] ⊓ [0;0] ~> [0;0]
-- DEBUG: is_bottom [0;0] ~> false
stat trace: tests/10_interval/0303_assert_both.c:5.2-17: [ x in [1;5] ]
tests/10_interval/0303_assert_both.c:6.2-11: [ x in [1;5] ]
stat trace: tests/10_interval/0303_assert_both.c:6.2-11: [ x in [1;5] ]
stat trace: tests/10_interval/0303_assert_both.c:1.0-7.1: [ ]
analysis ended
