stat trace: tests/01_concrete/0110_assign.c:4.2-8: { [x=4;y=0;]; }
stat trace: tests/01_concrete/0110_assign.c:5.2-8: { [x=4;y=5;]; }
stat trace: tests/01_concrete/0110_assign.c:6.2-16: { [x=11;y=5;]; }
tests/01_concrete/0110_assign.c:7.2-11: { [x=11;]; }
stat trace: tests/01_concrete/0110_assign.c:7.2-11: { [x=11;y=5;]; }
stat trace: tests/01_concrete/0110_assign.c:1.0-8.1: { []; }
analysis ended
