stat trace: tests/01_concrete/0134_else_false.c:3.2-8: { [x=1;]; }
stat trace: tests/01_concrete/0134_else_false.c:4.14-20: { }
stat trace: tests/01_concrete/0134_else_false.c:4.26-33: { [x=10;]; }
stat trace: tests/01_concrete/0134_else_false.c:4.2-33: { [x=10;]; }
tests/01_concrete/0134_else_false.c:5.2-11: { [x=10;]; }
stat trace: tests/01_concrete/0134_else_false.c:5.2-11: { [x=10;]; }
stat trace: tests/01_concrete/0134_else_false.c:1.0-6.1: { []; }
analysis ended
