stat trace: tests/01_concrete/0145_cmp_ge.c:4.2-18: { [x=10;y=0;]; [x=11;y=0;]; [x=12;y=0;]; [x=13;y=0;]; }
stat trace: tests/01_concrete/0145_cmp_ge.c:5.2-18: { [x=10;y=12;]; [x=10;y=13;]; [x=10;y=14;]; [x=10;y=15;]; [x=10;y=16;]; [x=11;y=12;]; [x=11;y=13;]; [x=11;y=14;]; [x=11;y=15;]; [x=11;y=16;]; [x=12;y=12;]; [x=12;y=13;]; [x=12;y=14;]; [x=12;y=15;]; [x=12;y=16;]; [x=13;y=12;]; [x=13;y=13;]; [x=13;y=14;]; [x=13;y=15;]; [x=13;y=16;]; }
tests/01_concrete/0145_cmp_ge.c:6.14-25: { [x=12;y=12;]; [x=13;y=12;]; [x=13;y=13;]; }
stat trace: tests/01_concrete/0145_cmp_ge.c:6.14-25: { [x=12;y=12;]; [x=13;y=12;]; [x=13;y=13;]; }
stat trace: tests/01_concrete/0145_cmp_ge.c:6.2-25: { [x=10;y=12;]; [x=10;y=13;]; [x=10;y=14;]; [x=10;y=15;]; [x=10;y=16;]; [x=11;y=12;]; [x=11;y=13;]; [x=11;y=14;]; [x=11;y=15;]; [x=11;y=16;]; [x=12;y=12;]; [x=12;y=13;]; [x=12;y=14;]; [x=12;y=15;]; [x=12;y=16;]; [x=13;y=12;]; [x=13;y=13;]; [x=13;y=14;]; [x=13;y=15;]; [x=13;y=16;]; }
stat trace: tests/01_concrete/0145_cmp_ge.c:1.0-7.1: { []; }
analysis ended
