stat trace: tests/01_concrete/0147_cmp_eq.c:4.2-18: { [x=15;y=0;]; [x=16;y=0;]; [x=17;y=0;]; [x=18;y=0;]; }
stat trace: tests/01_concrete/0147_cmp_eq.c:5.2-18: { [x=15;y=13;]; [x=15;y=14;]; [x=15;y=15;]; [x=15;y=16;]; [x=15;y=17;]; [x=16;y=13;]; [x=16;y=14;]; [x=16;y=15;]; [x=16;y=16;]; [x=16;y=17;]; [x=17;y=13;]; [x=17;y=14;]; [x=17;y=15;]; [x=17;y=16;]; [x=17;y=17;]; [x=18;y=13;]; [x=18;y=14;]; [x=18;y=15;]; [x=18;y=16;]; [x=18;y=17;]; }
tests/01_concrete/0147_cmp_eq.c:6.14-25: { [x=15;y=15;]; [x=16;y=16;]; [x=17;y=17;]; }
stat trace: tests/01_concrete/0147_cmp_eq.c:6.14-25: { [x=15;y=15;]; [x=16;y=16;]; [x=17;y=17;]; }
stat trace: tests/01_concrete/0147_cmp_eq.c:6.2-25: { [x=15;y=13;]; [x=15;y=14;]; [x=15;y=15;]; [x=15;y=16;]; [x=15;y=17;]; [x=16;y=13;]; [x=16;y=14;]; [x=16;y=15;]; [x=16;y=16;]; [x=16;y=17;]; [x=17;y=13;]; [x=17;y=14;]; [x=17;y=15;]; [x=17;y=16;]; [x=17;y=17;]; [x=18;y=13;]; [x=18;y=14;]; [x=18;y=15;]; [x=18;y=16;]; [x=18;y=17;]; }
stat trace: tests/01_concrete/0147_cmp_eq.c:1.0-7.1: { []; }
analysis ended
